08:39:11 predict: model=siamese_kpconv dataset=indoorcd device=cuda (fixed_n=False)
08:39:11 checkpoint=predictions/indoorcd/siamese_kpconv/best.pt (epoch=1 val_f1=0.0499)
08:39:11 NN-propagation: per-cube nearest neighbour in centred metric space; scores=softmax(logits)[:,1]
08:39:11 predict FPS regime: FIXED seed=42 (reproducible single pass, val + test)
08:39:11 FPS device: model device (GPU-FPS, raw_mode loader)
08:39:11 grid subsample (dl0): 0.03 m before FPS (GPU-FPS only)
08:39:11 output dir: predictions/indoorcd/siamese_kpconv
08:39:13 
08:43:41 val  014-2    N=49660 (cache 49660 OK) xcheck=49660 chg=0.000 | AUC=nan F1@0.5=0.000 P=0.000 R=0.000
08:43:41 val  014-3    N=57898 (cache 57898 OK) xcheck=57898 chg=0.003 | AUC=0.820 F1@0.5=0.010 P=0.005 R=1.000
08:43:41 val  014-4    N=58069 (cache 58069 OK) xcheck=58069 chg=0.008 | AUC=0.703 F1@0.5=0.029 P=0.015 R=0.935
08:43:41 val  014-5    N=56295 (cache 56295 OK) xcheck=56295 chg=0.011 | AUC=0.650 F1@0.5=0.027 P=0.014 R=0.964
08:43:41 val  020-2    N=135408 (cache 135408 OK) xcheck=135408 chg=0.004 | AUC=0.263 F1@0.5=0.000 P=0.000 R=0.000
08:43:41 val  020-3    N=132798 (cache 132798 OK) xcheck=132798 chg=0.036 | AUC=0.796 F1@0.5=0.125 P=0.067 R=0.947
08:43:41 val  020-4    N=150140 (cache 150140 OK) xcheck=150140 chg=0.058 | AUC=0.623 F1@0.5=0.147 P=0.083 R=0.665
08:43:41 val  045-2    N=71612 (cache 71612 OK) xcheck=71612 chg=0.002 | AUC=0.780 F1@0.5=0.008 P=0.004 R=0.877
08:43:41 val  045-3    N=73736 (cache 73736 OK) xcheck=73736 chg=0.001 | AUC=0.941 F1@0.5=0.004 P=0.002 R=1.000
08:43:41 val  045-4    N=78322 (cache 78322 OK) xcheck=78322 chg=0.101 | AUC=0.814 F1@0.5=0.288 P=0.170 R=0.930
08:43:41 val  047-2    N=96643 (cache 96643 OK) xcheck=96643 chg=0.003 | AUC=0.045 F1@0.5=0.000 P=0.000 R=0.000
08:43:42 val  047-3    N=115977 (cache 115977 OK) xcheck=115977 chg=0.001 | AUC=0.747 F1@0.5=0.003 P=0.001 R=1.000
08:43:42 val  047-5    N=123115 (cache 123115 OK) xcheck=123115 chg=0.010 | AUC=0.493 F1@0.5=0.017 P=0.009 R=0.535
08:43:42 val  048-2    N=210820 (cache 210820 OK) xcheck=210820 chg=0.002 | AUC=0.533 F1@0.5=0.005 P=0.003 R=0.975
08:43:42 val  048-3    N=218959 (cache 218959 OK) xcheck=218959 chg=0.003 | AUC=0.406 F1@0.5=0.005 P=0.002 R=0.587
08:43:42 val  048-4    N=230039 (cache 230039 OK) xcheck=230039 chg=0.003 | AUC=0.808 F1@0.5=0.008 P=0.004 R=0.999
08:43:42 val  048-5    N=226799 (cache 226799 OK) xcheck=226799 chg=0.005 | AUC=0.537 F1@0.5=0.011 P=0.006 R=0.823
08:43:43 val  059-3    N=127538 (cache 127538 OK) xcheck=127538 chg=0.004 | AUC=0.596 F1@0.5=0.012 P=0.006 R=1.000
08:43:43 val  064-2    N=101898 (cache 101898 OK) xcheck=101898 chg=0.002 | AUC=0.376 F1@0.5=0.000 P=0.000 R=0.000
08:43:43 val  064-3    N=95651 (cache 95651 OK) xcheck=95651 chg=0.029 | AUC=0.869 F1@0.5=0.099 P=0.053 R=0.867
08:43:43 val  064-4    N=92139 (cache 92139 OK) xcheck=92139 chg=0.007 | AUC=0.744 F1@0.5=0.026 P=0.013 R=0.717
08:43:43 val  064-5    N=111671 (cache 111671 OK) xcheck=111671 chg=0.033 | AUC=0.889 F1@0.5=0.159 P=0.087 R=0.900
08:43:43 val  068-2    N=105643 (cache 105643 OK) xcheck=105643 chg=0.003 | AUC=0.319 F1@0.5=0.003 P=0.002 R=0.403
08:43:43 val  068-3    N=111731 (cache 111731 OK) xcheck=111731 chg=0.001 | AUC=0.692 F1@0.5=0.002 P=0.001 R=1.000
08:43:43 val  068-4    N=114099 (cache 114099 OK) xcheck=114099 chg=0.003 | AUC=0.467 F1@0.5=0.008 P=0.004 R=0.885
08:43:43 val  068-5    N=118999 (cache 118999 OK) xcheck=118999 chg=0.006 | AUC=0.451 F1@0.5=0.012 P=0.006 R=0.709
08:43:43 val  076-2    N=73647 (cache 73647 OK) xcheck=73647 chg=0.009 | AUC=0.523 F1@0.5=0.018 P=0.009 R=0.555
08:43:43 val  076-3    N=73100 (cache 73100 OK) xcheck=73100 chg=0.007 | AUC=0.322 F1@0.5=0.013 P=0.007 R=0.801
08:43:43 val  076-5    N=100023 (cache 100023 OK) xcheck=100023 chg=0.020 | AUC=0.610 F1@0.5=0.055 P=0.029 R=0.867
08:43:43 val  083-2    N=123545 (cache 123545 OK) xcheck=123545 chg=0.000 | AUC=0.677 F1@0.5=0.000 P=0.000 R=1.000
08:43:44 val  083-3    N=136060 (cache 136060 OK) xcheck=136060 chg=0.016 | AUC=0.839 F1@0.5=0.059 P=0.031 R=0.949
08:43:44 val  083-4    N=121555 (cache 121555 OK) xcheck=121555 chg=0.009 | AUC=0.714 F1@0.5=0.028 P=0.014 R=0.737
08:43:44 val  083-5    N=119507 (cache 119507 OK) xcheck=119507 chg=0.024 | AUC=0.807 F1@0.5=0.087 P=0.046 R=0.909
08:43:44 val  115-3    N=122885 (cache 122885 OK) xcheck=122885 chg=0.004 | AUC=0.602 F1@0.5=0.011 P=0.005 R=0.779
08:43:44 val  115-4    N=106744 (cache 106744 OK) xcheck=106744 chg=0.005 | AUC=0.622 F1@0.5=0.015 P=0.008 R=0.814
08:43:44 val  115-5    N=126310 (cache 126310 OK) xcheck=126310 chg=0.003 | AUC=0.585 F1@0.5=0.011 P=0.005 R=0.842
08:43:44 val  133-2    N=47343 (cache 47343 OK) xcheck=47343 chg=0.036 | AUC=0.633 F1@0.5=0.087 P=0.046 R=0.821
08:43:44 val  133-3    N=49070 (cache 49070 OK) xcheck=49070 chg=0.006 | AUC=0.868 F1@0.5=0.018 P=0.009 R=1.000
08:43:44 val  133-4    N=35336 (cache 35336 OK) xcheck=35336 chg=0.045 | AUC=0.709 F1@0.5=0.133 P=0.071 R=0.924
08:43:44 val  133-5    N=48435 (cache 48435 OK) xcheck=48435 chg=0.083 | AUC=0.711 F1@0.5=0.190 P=0.107 R=0.819
08:43:44 val  140-2    N=75761 (cache 75761 OK) xcheck=75761 chg=0.000 | AUC=nan F1@0.5=0.000 P=0.000 R=0.000
08:43:44 val  140-3    N=90049 (cache 90049 OK) xcheck=90049 chg=0.001 | AUC=0.617 F1@0.5=0.003 P=0.002 R=0.882
08:43:44 val  154-2    N=121454 (cache 121454 OK) xcheck=121454 chg=0.002 | AUC=0.352 F1@0.5=0.004 P=0.002 R=0.846
08:43:45 val  154-3    N=149699 (cache 149699 OK) xcheck=149699 chg=0.002 | AUC=0.598 F1@0.5=0.004 P=0.002 R=1.000
08:43:45 val  154-4    N=121666 (cache 121666 OK) xcheck=121666 chg=0.014 | AUC=0.314 F1@0.5=0.022 P=0.011 R=0.558
08:43:45 val  154-5    N=155796 (cache 155796 OK) xcheck=155796 chg=0.011 | AUC=0.386 F1@0.5=0.020 P=0.010 R=0.672
08:43:45 val  172-2    N=52535 (cache 52535 OK) xcheck=52535 chg=0.000 | AUC=nan F1@0.5=0.000 P=0.000 R=0.000
08:43:45 val  172-3    N=64673 (cache 64673 OK) xcheck=64673 chg=0.018 | AUC=0.736 F1@0.5=0.070 P=0.037 R=0.741
08:43:45 val  172-4    N=66296 (cache 66296 OK) xcheck=66296 chg=0.061 | AUC=0.840 F1@0.5=0.229 P=0.136 R=0.736
08:43:45 val  172-5    N=64764 (cache 64764 OK) xcheck=64764 chg=0.073 | AUC=0.925 F1@0.5=0.318 P=0.192 R=0.922
08:43:45 val  178-2    N=94207 (cache 94207 OK) xcheck=94207 chg=0.015 | AUC=0.746 F1@0.5=0.042 P=0.021 R=0.736
08:43:45 val  178-3    N=94285 (cache 94285 OK) xcheck=94285 chg=0.004 | AUC=0.955 F1@0.5=0.016 P=0.008 R=0.967
08:43:45 val  178-4    N=90476 (cache 90476 OK) xcheck=90476 chg=0.023 | AUC=0.877 F1@0.5=0.080 P=0.042 R=0.936
08:43:45 val  178-5    N=91002 (cache 91002 OK) xcheck=91002 chg=0.041 | AUC=0.833 F1@0.5=0.124 P=0.066 R=0.889
08:43:45 val  183-2    N=64107 (cache 64107 OK) xcheck=64107 chg=0.001 | AUC=0.252 F1@0.5=0.000 P=0.000 R=0.282
08:43:45 val  183-3    N=81072 (cache 81072 OK) xcheck=81072 chg=0.014 | AUC=0.429 F1@0.5=0.036 P=0.019 R=0.954
08:43:45 val  183-4    N=70055 (cache 70055 OK) xcheck=70055 chg=0.017 | AUC=0.376 F1@0.5=0.029 P=0.015 R=0.584
08:43:45 val  183-5    N=79649 (cache 79649 OK) xcheck=79649 chg=0.022 | AUC=0.420 F1@0.5=0.043 P=0.022 R=0.668
08:43:46 val  187-2    N=75403 (cache 75403 OK) xcheck=75403 chg=0.015 | AUC=0.626 F1@0.5=0.063 P=0.034 R=0.444
08:43:46 val  187-3    N=76320 (cache 76320 OK) xcheck=76320 chg=0.006 | AUC=0.929 F1@0.5=0.046 P=0.024 R=0.833
08:43:46 val  187-4    N=64839 (cache 64839 OK) xcheck=64839 chg=0.021 | AUC=0.954 F1@0.5=0.116 P=0.061 R=1.000
08:43:46 val  187-5    N=80597 (cache 80597 OK) xcheck=80597 chg=0.019 | AUC=0.958 F1@0.5=0.105 P=0.056 R=0.985
08:43:46 val  189-2    N=102100 (cache 102100 OK) xcheck=102100 chg=0.008 | AUC=0.423 F1@0.5=0.016 P=0.008 R=0.694
08:43:46 val  189-3    N=104340 (cache 104340 OK) xcheck=104340 chg=0.005 | AUC=0.648 F1@0.5=0.016 P=0.008 R=1.000
08:43:46 val  189-4    N=98152 (cache 98152 OK) xcheck=98152 chg=0.008 | AUC=0.571 F1@0.5=0.022 P=0.011 R=0.875
08:43:46 val  189-5    N=113111 (cache 113111 OK) xcheck=113111 chg=0.018 | AUC=0.500 F1@0.5=0.040 P=0.020 R=0.824
08:43:46 val  202-2    N=110347 (cache 110347 OK) xcheck=110347 chg=0.013 | AUC=0.652 F1@0.5=0.032 P=0.016 R=0.875
08:43:46 val  202-3    N=104028 (cache 104028 OK) xcheck=104028 chg=0.002 | AUC=0.443 F1@0.5=0.005 P=0.002 R=0.761
08:43:46 val  202-4    N=109424 (cache 109424 OK) xcheck=109424 chg=0.068 | AUC=0.724 F1@0.5=0.165 P=0.091 R=0.918
08:43:46 val  202-5    N=94786 (cache 94786 OK) xcheck=94786 chg=0.082 | AUC=0.818 F1@0.5=0.210 P=0.118 R=0.975
08:43:46 val  211-2    N=93055 (cache 93055 OK) xcheck=93055 chg=0.002 | AUC=0.189 F1@0.5=0.000 P=0.000 R=0.004
08:43:46 val  211-3    N=85773 (cache 85773 OK) xcheck=85773 chg=0.000 | AUC=nan F1@0.5=0.000 P=0.000 R=0.000
08:43:47 val  211-4    N=87637 (cache 87637 OK) xcheck=87637 chg=0.003 | AUC=0.971 F1@0.5=0.010 P=0.005 R=1.000
08:43:47 val  211-5    N=94849 (cache 94849 OK) xcheck=94849 chg=0.006 | AUC=0.533 F1@0.5=0.008 P=0.004 R=0.465
08:43:47 val  220-2    N=68027 (cache 68027 OK) xcheck=68027 chg=0.000 | AUC=nan F1@0.5=0.000 P=0.000 R=0.000
08:43:47 val  220-3    N=63876 (cache 63876 OK) xcheck=63876 chg=0.013 | AUC=0.349 F1@0.5=0.026 P=0.013 R=0.804
08:43:47 val  220-4    N=79747 (cache 79747 OK) xcheck=79747 chg=0.062 | AUC=0.477 F1@0.5=0.124 P=0.067 R=0.851
08:43:47 val  220-5    N=80416 (cache 80416 OK) xcheck=80416 chg=0.077 | AUC=0.445 F1@0.5=0.140 P=0.077 R=0.821
08:55:24 test 009-2    N=61508 (cache 61508 OK) xcheck=61508 chg=0.000 | AUC=nan F1@0.5=0.000 P=0.000 R=0.000
08:55:24 test 009-3    N=56768 (cache 56768 OK) xcheck=56768 chg=0.004 | AUC=0.912 F1@0.5=0.016 P=0.008 R=1.000
08:55:24 test 009-4    N=75073 (cache 75073 OK) xcheck=75073 chg=0.004 | AUC=0.277 F1@0.5=0.001 P=0.000 R=0.053
08:55:24 test 009-5    N=59424 (cache 59424 OK) xcheck=59424 chg=0.009 | AUC=0.841 F1@0.5=0.030 P=0.015 R=0.935
08:55:24 test 017-2    N=101198 (cache 101198 OK) xcheck=101198 chg=0.000 | AUC=nan F1@0.5=0.000 P=0.000 R=0.000
08:55:24 test 017-3    N=99171 (cache 99171 OK) xcheck=99171 chg=0.027 | AUC=0.441 F1@0.5=0.055 P=0.029 R=0.687
08:55:24 test 017-4    N=89170 (cache 89170 OK) xcheck=89170 chg=0.002 | AUC=0.803 F1@0.5=0.006 P=0.003 R=0.994
08:55:24 test 017-5    N=98218 (cache 98218 OK) xcheck=98218 chg=0.004 | AUC=0.399 F1@0.5=0.005 P=0.003 R=0.458
08:55:24 test 018-2    N=198639 (cache 198639 OK) xcheck=198639 chg=0.000 | AUC=nan F1@0.5=0.000 P=0.000 R=0.000
08:55:24 test 018-3    N=202230 (cache 202230 OK) xcheck=202230 chg=0.021 | AUC=0.672 F1@0.5=0.066 P=0.034 R=0.881
08:55:25 test 018-4    N=242224 (cache 242224 OK) xcheck=242224 chg=0.002 | AUC=0.350 F1@0.5=0.002 P=0.001 R=0.331
08:55:25 test 018-5    N=237330 (cache 237330 OK) xcheck=237330 chg=0.007 | AUC=0.448 F1@0.5=0.012 P=0.006 R=0.483
08:55:25 test 019-2    N=64889 (cache 64889 OK) xcheck=64889 chg=0.005 | AUC=0.666 F1@0.5=0.019 P=0.010 R=0.728
08:55:25 test 019-3    N=63654 (cache 63654 OK) xcheck=63654 chg=0.017 | AUC=0.497 F1@0.5=0.029 P=0.015 R=0.344
08:55:25 test 019-4    N=63780 (cache 63780 OK) xcheck=63780 chg=0.003 | AUC=0.682 F1@0.5=0.013 P=0.007 R=0.692
08:55:25 test 019-5    N=72113 (cache 72113 OK) xcheck=72113 chg=0.016 | AUC=0.482 F1@0.5=0.028 P=0.015 R=0.348
08:55:25 test 023-2    N=208496 (cache 208496 OK) xcheck=208496 chg=0.005 | AUC=0.711 F1@0.5=0.019 P=0.010 R=0.918
08:55:25 test 023-3    N=238419 (cache 238419 OK) xcheck=238419 chg=0.017 | AUC=0.830 F1@0.5=0.055 P=0.028 R=0.985
08:55:26 test 023-4    N=247383 (cache 247383 OK) xcheck=247383 chg=0.019 | AUC=0.774 F1@0.5=0.061 P=0.031 R=0.894
08:55:26 test 023-5    N=266160 (cache 266160 OK) xcheck=266160 chg=0.044 | AUC=0.631 F1@0.5=0.114 P=0.061 R=0.801
08:55:26 test 026-2    N=85235 (cache 85235 OK) xcheck=85235 chg=0.000 | AUC=nan F1@0.5=0.000 P=0.000 R=0.000
08:55:26 test 026-3    N=72327 (cache 72327 OK) xcheck=72327 chg=0.002 | AUC=0.602 F1@0.5=0.007 P=0.003 R=0.753
08:55:26 test 026-4    N=77469 (cache 77469 OK) xcheck=77469 chg=0.007 | AUC=0.613 F1@0.5=0.017 P=0.009 R=0.541
08:55:26 test 026-5    N=82172 (cache 82172 OK) xcheck=82172 chg=0.004 | AUC=0.707 F1@0.5=0.013 P=0.007 R=0.840
08:55:26 test 027-2    N=93230 (cache 93230 OK) xcheck=93230 chg=0.017 | AUC=0.905 F1@0.5=0.047 P=0.024 R=1.000
08:55:26 test 027-3    N=90437 (cache 90437 OK) xcheck=90437 chg=0.011 | AUC=0.979 F1@0.5=0.029 P=0.015 R=0.998
08:55:26 test 027-4    N=100904 (cache 100904 OK) xcheck=100904 chg=0.006 | AUC=0.805 F1@0.5=0.021 P=0.010 R=0.916
08:55:26 test 035-2    N=74934 (cache 74934 OK) xcheck=74934 chg=0.010 | AUC=0.741 F1@0.5=0.051 P=0.026 R=0.865
08:55:26 test 035-3    N=102558 (cache 102558 OK) xcheck=102558 chg=0.072 | AUC=0.796 F1@0.5=0.256 P=0.152 R=0.799
08:55:26 test 035-4    N=98422 (cache 98422 OK) xcheck=98422 chg=0.015 | AUC=0.646 F1@0.5=0.041 P=0.021 R=0.695
08:55:27 test 035-5    N=103171 (cache 103171 OK) xcheck=103171 chg=0.069 | AUC=0.708 F1@0.5=0.215 P=0.122 R=0.894
08:55:27 test 036-2    N=167802 (cache 167802 OK) xcheck=167802 chg=0.005 | AUC=0.639 F1@0.5=0.016 P=0.008 R=1.000
08:55:27 test 036-3    N=147814 (cache 147814 OK) xcheck=147814 chg=0.007 | AUC=0.932 F1@0.5=0.019 P=0.010 R=1.000
08:55:27 test 036-4    N=151218 (cache 151218 OK) xcheck=151218 chg=0.030 | AUC=0.728 F1@0.5=0.073 P=0.038 R=0.934
08:55:27 test 036-5    N=155858 (cache 155858 OK) xcheck=155858 chg=0.034 | AUC=0.660 F1@0.5=0.071 P=0.037 R=0.786
08:55:27 test 039-2    N=154177 (cache 154177 OK) xcheck=154177 chg=0.006 | AUC=0.309 F1@0.5=0.009 P=0.004 R=0.543
08:55:27 test 039-5    N=164569 (cache 164569 OK) xcheck=164569 chg=0.073 | AUC=0.553 F1@0.5=0.152 P=0.083 R=0.898
08:55:27 test 040-3    N=282613 (cache 282613 OK) xcheck=282613 chg=0.014 | AUC=0.636 F1@0.5=0.039 P=0.020 R=0.854
08:55:28 test 040-4    N=277978 (cache 277978 OK) xcheck=277978 chg=0.057 | AUC=0.489 F1@0.5=0.102 P=0.055 R=0.677
08:55:28 test 040-5    N=269900 (cache 269900 OK) xcheck=269900 chg=0.068 | AUC=0.610 F1@0.5=0.147 P=0.081 R=0.775
08:55:28 test 041-2    N=56643 (cache 56643 OK) xcheck=56643 chg=0.020 | AUC=0.833 F1@0.5=0.100 P=0.053 R=0.812
08:55:28 test 041-3    N=61573 (cache 61573 OK) xcheck=61573 chg=0.044 | AUC=0.883 F1@0.5=0.172 P=0.096 R=0.807
08:55:28 test 041-4    N=57601 (cache 57601 OK) xcheck=57601 chg=0.026 | AUC=0.937 F1@0.5=0.183 P=0.102 R=0.926
08:55:28 test 041-5    N=62375 (cache 62375 OK) xcheck=62375 chg=0.094 | AUC=0.906 F1@0.5=0.413 P=0.267 R=0.911
08:55:28 test 046-2    N=77971 (cache 77971 OK) xcheck=77971 chg=0.001 | AUC=0.379 F1@0.5=0.003 P=0.001 R=0.667
08:55:28 test 046-3    N=78579 (cache 78579 OK) xcheck=78579 chg=0.011 | AUC=0.694 F1@0.5=0.030 P=0.015 R=0.975
08:55:28 test 046-4    N=71061 (cache 71061 OK) xcheck=71061 chg=0.002 | AUC=0.288 F1@0.5=0.002 P=0.001 R=0.455
08:55:28 test 046-5    N=67519 (cache 67519 OK) xcheck=67519 chg=0.018 | AUC=0.655 F1@0.5=0.050 P=0.026 R=0.890
08:55:29 test 049-2    N=148058 (cache 148058 OK) xcheck=148058 chg=0.003 | AUC=0.480 F1@0.5=0.004 P=0.002 R=0.286
08:55:29 test 049-5    N=162691 (cache 162691 OK) xcheck=162691 chg=0.005 | AUC=0.841 F1@0.5=0.022 P=0.011 R=0.942
08:55:29 test 053-2    N=304383 (cache 304383 OK) xcheck=304383 chg=0.000 | AUC=nan F1@0.5=0.000 P=0.000 R=0.000
08:55:29 test 053-3    N=312314 (cache 312314 OK) xcheck=312314 chg=0.015 | AUC=0.933 F1@0.5=0.045 P=0.023 R=0.994
08:55:29 test 053-4    N=299755 (cache 299755 OK) xcheck=299755 chg=0.028 | AUC=0.881 F1@0.5=0.085 P=0.044 R=0.995
08:55:29 test 053-5    N=301047 (cache 301047 OK) xcheck=301047 chg=0.032 | AUC=0.919 F1@0.5=0.097 P=0.051 R=0.999
08:55:30 test 055-2    N=92714 (cache 92714 OK) xcheck=92714 chg=0.004 | AUC=0.432 F1@0.5=0.008 P=0.004 R=0.577
08:55:30 test 055-4    N=85113 (cache 85113 OK) xcheck=85113 chg=0.005 | AUC=0.423 F1@0.5=0.011 P=0.005 R=0.596
08:55:30 test 055-5    N=87859 (cache 87859 OK) xcheck=87859 chg=0.009 | AUC=0.311 F1@0.5=0.011 P=0.005 R=0.401
08:55:30 test 065-2    N=54020 (cache 54020 OK) xcheck=54020 chg=0.000 | AUC=0.362 F1@0.5=0.001 P=0.001 R=1.000
08:55:30 test 065-3    N=58220 (cache 58220 OK) xcheck=58220 chg=0.008 | AUC=0.924 F1@0.5=0.022 P=0.011 R=1.000
08:55:30 test 065-4    N=56762 (cache 56762 OK) xcheck=56762 chg=0.001 | AUC=0.672 F1@0.5=0.003 P=0.002 R=1.000
08:55:30 test 065-5    N=56343 (cache 56343 OK) xcheck=56343 chg=0.009 | AUC=0.926 F1@0.5=0.024 P=0.012 R=1.000
08:55:30 test 067-2    N=160533 (cache 160533 OK) xcheck=160533 chg=0.000 | AUC=nan F1@0.5=0.000 P=0.000 R=0.000
08:55:30 test 067-4    N=169239 (cache 169239 OK) xcheck=169239 chg=0.019 | AUC=0.641 F1@0.5=0.055 P=0.028 R=0.903
08:55:30 test 067-5    N=194913 (cache 194913 OK) xcheck=194913 chg=0.016 | AUC=0.617 F1@0.5=0.042 P=0.021 R=0.910
08:55:30 test 071-2    N=316378 (cache 316378 OK) xcheck=316378 chg=0.009 | AUC=0.502 F1@0.5=0.017 P=0.008 R=0.624
08:55:31 test 071-3    N=324895 (cache 324895 OK) xcheck=324895 chg=0.002 | AUC=0.842 F1@0.5=0.004 P=0.002 R=1.000
08:55:31 test 071-4    N=310519 (cache 310519 OK) xcheck=310519 chg=0.047 | AUC=0.738 F1@0.5=0.120 P=0.064 R=0.968
08:55:31 test 071-5    N=319535 (cache 319535 OK) xcheck=319535 chg=0.044 | AUC=0.687 F1@0.5=0.100 P=0.053 R=0.906
08:55:31 test 085-2    N=93259 (cache 93259 OK) xcheck=93259 chg=0.003 | AUC=0.612 F1@0.5=0.009 P=0.005 R=1.000
08:55:31 test 085-3    N=100300 (cache 100300 OK) xcheck=100300 chg=0.020 | AUC=0.910 F1@0.5=0.070 P=0.036 R=1.000
08:55:31 test 085-4    N=104322 (cache 104322 OK) xcheck=104322 chg=0.303 | AUC=0.756 F1@0.5=0.623 P=0.468 R=0.934
08:55:32 test 085-5    N=117449 (cache 117449 OK) xcheck=117449 chg=0.260 | AUC=0.783 F1@0.5=0.527 P=0.360 R=0.984
08:55:32 test 106-2    N=66904 (cache 66904 OK) xcheck=66904 chg=0.034 | AUC=0.806 F1@0.5=0.093 P=0.049 R=0.949
08:55:32 test 106-3    N=70965 (cache 70965 OK) xcheck=70965 chg=0.027 | AUC=0.728 F1@0.5=0.068 P=0.035 R=0.906
08:55:32 test 106-4    N=75155 (cache 75155 OK) xcheck=75155 chg=0.029 | AUC=0.702 F1@0.5=0.087 P=0.047 R=0.614
08:55:32 test 106-5    N=67337 (cache 67337 OK) xcheck=67337 chg=0.049 | AUC=0.750 F1@0.5=0.132 P=0.071 R=0.943
08:55:32 test 111-2    N=102272 (cache 102272 OK) xcheck=102272 chg=0.000 | AUC=nan F1@0.5=0.000 P=0.000 R=0.000
08:55:32 test 111-3    N=104394 (cache 104394 OK) xcheck=104394 chg=0.019 | AUC=0.873 F1@0.5=0.080 P=0.042 R=0.980
08:55:32 test 111-4    N=103645 (cache 103645 OK) xcheck=103645 chg=0.021 | AUC=0.838 F1@0.5=0.113 P=0.061 R=0.806
08:55:32 test 111-5    N=128537 (cache 128537 OK) xcheck=128537 chg=0.030 | AUC=0.865 F1@0.5=0.102 P=0.054 R=0.976
08:55:32 test 119-2    N=79312 (cache 79312 OK) xcheck=79312 chg=0.001 | AUC=0.471 F1@0.5=0.005 P=0.003 R=0.319
08:55:32 test 119-3    N=72622 (cache 72622 OK) xcheck=72622 chg=0.012 | AUC=0.778 F1@0.5=0.052 P=0.027 R=0.997
08:55:32 test 119-4    N=77498 (cache 77498 OK) xcheck=77498 chg=0.030 | AUC=0.813 F1@0.5=0.141 P=0.077 R=0.862
08:55:32 test 119-5    N=77915 (cache 77915 OK) xcheck=77915 chg=0.045 | AUC=0.681 F1@0.5=0.168 P=0.093 R=0.876
08:55:32 test 120-2    N=135502 (cache 135502 OK) xcheck=135502 chg=0.007 | AUC=0.746 F1@0.5=0.020 P=0.010 R=0.999
08:55:33 test 120-3    N=131968 (cache 131968 OK) xcheck=131968 chg=0.012 | AUC=0.870 F1@0.5=0.038 P=0.019 R=1.000
08:55:33 test 120-4    N=151062 (cache 151062 OK) xcheck=151062 chg=0.020 | AUC=0.693 F1@0.5=0.056 P=0.029 R=0.838
08:55:33 test 120-5    N=135797 (cache 135797 OK) xcheck=135797 chg=0.038 | AUC=0.728 F1@0.5=0.112 P=0.060 R=0.897
08:55:33 test 123-2    N=62346 (cache 62346 OK) xcheck=62346 chg=0.000 | AUC=0.153 F1@0.5=0.000 P=0.000 R=0.000
08:55:33 test 123-3    N=64323 (cache 64323 OK) xcheck=64323 chg=0.005 | AUC=0.867 F1@0.5=0.036 P=0.018 R=0.819
08:55:33 test 123-4    N=64036 (cache 64036 OK) xcheck=64036 chg=0.014 | AUC=0.843 F1@0.5=0.079 P=0.042 R=0.793
08:55:33 test 123-5    N=62612 (cache 62612 OK) xcheck=62612 chg=0.016 | AUC=0.895 F1@0.5=0.105 P=0.056 R=0.865
08:55:33 test 147-2    N=95182 (cache 95182 OK) xcheck=95182 chg=0.014 | AUC=0.430 F1@0.5=0.036 P=0.018 R=0.987
08:55:33 test 147-3    N=120938 (cache 120938 OK) xcheck=120938 chg=0.015 | AUC=0.502 F1@0.5=0.036 P=0.018 R=1.000
08:55:33 test 147-4    N=104749 (cache 104749 OK) xcheck=104749 chg=0.038 | AUC=0.532 F1@0.5=0.090 P=0.047 R=0.963
08:55:33 test 147-5    N=112934 (cache 112934 OK) xcheck=112934 chg=0.018 | AUC=0.658 F1@0.5=0.045 P=0.023 R=0.982
08:55:33 test 148-2    N=67936 (cache 67936 OK) xcheck=67936 chg=0.001 | AUC=0.185 F1@0.5=0.001 P=0.000 R=0.254
08:55:33 test 148-3    N=82277 (cache 82277 OK) xcheck=82277 chg=0.001 | AUC=0.772 F1@0.5=0.003 P=0.002 R=0.907
08:55:34 test 148-4    N=85006 (cache 85006 OK) xcheck=85006 chg=0.013 | AUC=0.643 F1@0.5=0.054 P=0.028 R=0.643
08:55:34 test 148-5    N=77488 (cache 77488 OK) xcheck=77488 chg=0.019 | AUC=0.650 F1@0.5=0.064 P=0.034 R=0.580
08:55:34 test 151-2    N=122036 (cache 122036 OK) xcheck=122036 chg=0.020 | AUC=0.537 F1@0.5=0.040 P=0.021 R=0.430
08:55:34 test 151-3    N=128829 (cache 128829 OK) xcheck=128829 chg=0.001 | AUC=0.411 F1@0.5=0.000 P=0.000 R=0.065
08:55:34 test 151-4    N=128972 (cache 128972 OK) xcheck=128972 chg=0.003 | AUC=0.969 F1@0.5=0.013 P=0.007 R=0.986
08:55:34 test 151-5    N=136546 (cache 136546 OK) xcheck=136546 chg=0.020 | AUC=0.607 F1@0.5=0.047 P=0.025 R=0.437
08:55:34 test 152-2    N=101059 (cache 101059 OK) xcheck=101059 chg=0.006 | AUC=0.043 F1@0.5=0.000 P=0.000 R=0.000
08:55:34 test 152-3    N=104503 (cache 104503 OK) xcheck=104503 chg=0.007 | AUC=0.082 F1@0.5=0.000 P=0.000 R=0.000
08:55:34 test 152-4    N=96662 (cache 96662 OK) xcheck=96662 chg=0.018 | AUC=0.255 F1@0.5=0.000 P=0.000 R=0.000
08:55:34 test 152-5    N=104491 (cache 104491 OK) xcheck=104491 chg=0.026 | AUC=0.131 F1@0.5=0.002 P=0.001 R=0.006
08:55:34 test 153-4    N=75291 (cache 75291 OK) xcheck=75291 chg=0.010 | AUC=0.155 F1@0.5=0.002 P=0.001 R=0.043
08:55:35 test 153-5    N=90440 (cache 90440 OK) xcheck=90440 chg=0.035 | AUC=0.490 F1@0.5=0.067 P=0.036 R=0.498
08:55:35 test 175-2    N=64969 (cache 64969 OK) xcheck=64969 chg=0.006 | AUC=0.931 F1@0.5=0.030 P=0.015 R=0.975
08:55:35 test 175-3    N=73915 (cache 73915 OK) xcheck=73915 chg=0.008 | AUC=0.995 F1@0.5=0.047 P=0.024 R=1.000
08:55:35 test 175-4    N=75080 (cache 75080 OK) xcheck=75080 chg=0.044 | AUC=0.944 F1@0.5=0.146 P=0.079 R=0.985
08:55:35 test 177-2    N=31647 (cache 31647 OK) xcheck=31647 chg=0.002 | AUC=0.889 F1@0.5=0.018 P=0.009 R=0.759
08:55:35 test 177-3    N=36990 (cache 36990 OK) xcheck=36990 chg=0.006 | AUC=0.758 F1@0.5=0.026 P=0.013 R=0.612
08:55:35 test 177-4    N=38872 (cache 38872 OK) xcheck=38872 chg=0.004 | AUC=0.506 F1@0.5=0.001 P=0.001 R=0.036
08:55:35 test 177-5    N=43632 (cache 43632 OK) xcheck=43632 chg=0.008 | AUC=0.882 F1@0.5=0.042 P=0.022 R=0.936
08:55:35 test 190-2    N=228897 (cache 228897 OK) xcheck=228897 chg=0.006 | AUC=0.858 F1@0.5=0.018 P=0.009 R=0.873
08:55:35 test 190-3    N=219197 (cache 219197 OK) xcheck=219197 chg=0.014 | AUC=0.952 F1@0.5=0.049 P=0.025 R=0.967
08:55:35 test 190-4    N=258749 (cache 258749 OK) xcheck=258749 chg=0.222 | AUC=0.830 F1@0.5=0.516 P=0.353 R=0.956
08:55:36 test 190-5    N=230686 (cache 230686 OK) xcheck=230686 chg=0.232 | AUC=0.844 F1@0.5=0.538 P=0.371 R=0.978
08:55:36 test 191-2    N=95762 (cache 95762 OK) xcheck=95762 chg=0.003 | AUC=0.842 F1@0.5=0.045 P=0.023 R=0.479
08:55:36 test 191-3    N=108006 (cache 108006 OK) xcheck=108006 chg=0.001 | AUC=0.027 F1@0.5=0.000 P=0.000 R=0.000
08:55:36 test 191-4    N=103067 (cache 103067 OK) xcheck=103067 chg=0.011 | AUC=0.945 F1@0.5=0.217 P=0.124 R=0.848
08:55:36 test 191-5    N=119644 (cache 119644 OK) xcheck=119644 chg=0.005 | AUC=0.747 F1@0.5=0.021 P=0.011 R=0.814
08:55:36 test 196-2    N=70429 (cache 70429 OK) xcheck=70429 chg=0.000 | AUC=nan F1@0.5=0.000 P=0.000 R=0.000
08:55:36 test 196-3    N=82246 (cache 82246 OK) xcheck=82246 chg=0.027 | AUC=0.746 F1@0.5=0.080 P=0.042 R=0.829
08:55:36 test 196-4    N=79011 (cache 79011 OK) xcheck=79011 chg=0.039 | AUC=0.879 F1@0.5=0.118 P=0.063 R=0.979
08:55:36 test 196-5    N=103000 (cache 103000 OK) xcheck=103000 chg=0.062 | AUC=0.854 F1@0.5=0.172 P=0.095 R=0.981
08:55:36 test 197-2    N=103902 (cache 103902 OK) xcheck=103902 chg=0.000 | AUC=0.629 F1@0.5=0.001 P=0.000 R=0.963
08:55:36 test 197-3    N=98673 (cache 98673 OK) xcheck=98673 chg=0.003 | AUC=0.892 F1@0.5=0.011 P=0.005 R=1.000
08:55:36 test 197-4    N=96762 (cache 96762 OK) xcheck=96762 chg=0.010 | AUC=0.894 F1@0.5=0.037 P=0.019 R=1.000
08:55:36 test 197-5    N=122383 (cache 122383 OK) xcheck=122383 chg=0.014 | AUC=0.776 F1@0.5=0.047 P=0.024 R=0.980
08:55:37 test 198-3    N=145104 (cache 145104 OK) xcheck=145104 chg=0.073 | AUC=0.870 F1@0.5=0.240 P=0.140 R=0.837
08:55:37 test 198-4    N=164533 (cache 164533 OK) xcheck=164533 chg=0.113 | AUC=0.724 F1@0.5=0.290 P=0.174 R=0.888
08:55:37 test 198-5    N=158470 (cache 158470 OK) xcheck=158470 chg=0.139 | AUC=0.860 F1@0.5=0.441 P=0.290 R=0.922
08:55:37 test 212-2    N=105349 (cache 105349 OK) xcheck=105349 chg=0.012 | AUC=0.654 F1@0.5=0.029 P=0.015 R=0.712
08:55:37 test 212-3    N=95165 (cache 95165 OK) xcheck=95165 chg=0.001 | AUC=0.419 F1@0.5=0.001 P=0.000 R=0.263
08:55:37 test 212-4    N=106672 (cache 106672 OK) xcheck=106672 chg=0.002 | AUC=0.798 F1@0.5=0.008 P=0.004 R=0.909
08:55:37 test 212-5    N=107577 (cache 107577 OK) xcheck=107577 chg=0.014 | AUC=0.686 F1@0.5=0.038 P=0.019 R=0.755
08:55:37 test 216-2    N=64436 (cache 64436 OK) xcheck=64436 chg=0.003 | AUC=0.166 F1@0.5=0.000 P=0.000 R=0.012
08:55:37 test 216-3    N=61493 (cache 61493 OK) xcheck=61493 chg=0.002 | AUC=0.984 F1@0.5=0.013 P=0.006 R=1.000
08:55:37 test 216-4    N=65652 (cache 65652 OK) xcheck=65652 chg=0.001 | AUC=0.072 F1@0.5=0.000 P=0.000 R=0.000
08:55:37 test 216-5    N=66564 (cache 66564 OK) xcheck=66564 chg=0.003 | AUC=0.505 F1@0.5=0.010 P=0.005 R=0.466
08:55:37 test 218-2    N=102100 (cache 102100 OK) xcheck=102100 chg=0.001 | AUC=0.472 F1@0.5=0.004 P=0.002 R=1.000
08:55:38 test 218-3    N=104340 (cache 104340 OK) xcheck=104340 chg=0.005 | AUC=0.643 F1@0.5=0.014 P=0.007 R=1.000
08:55:38 test 218-4    N=98152 (cache 98152 OK) xcheck=98152 chg=0.008 | AUC=0.558 F1@0.5=0.024 P=0.012 R=0.854
08:55:38 test 218-5    N=113112 (cache 113112 OK) xcheck=113112 chg=0.014 | AUC=0.586 F1@0.5=0.037 P=0.019 R=0.979
08:55:38 test 221-2    N=111301 (cache 111301 OK) xcheck=111301 chg=0.001 | AUC=0.136 F1@0.5=0.000 P=0.000 R=0.000
08:55:38 test 221-3    N=125072 (cache 125072 OK) xcheck=125072 chg=0.002 | AUC=0.426 F1@0.5=0.005 P=0.002 R=1.000
08:55:38 test 221-4    N=114725 (cache 114725 OK) xcheck=114725 chg=0.007 | AUC=0.415 F1@0.5=0.014 P=0.007 R=0.905
08:55:38 test 221-5    N=132061 (cache 132061 OK) xcheck=132061 chg=0.009 | AUC=0.392 F1@0.5=0.020 P=0.010 R=0.930
08:55:38 test 222-2    N=126364 (cache 126364 OK) xcheck=126364 chg=0.001 | AUC=0.268 F1@0.5=0.002 P=0.001 R=0.585
08:55:38 test 222-3    N=123892 (cache 123892 OK) xcheck=123892 chg=0.002 | AUC=0.583 F1@0.5=0.004 P=0.002 R=1.000
08:55:38 test 222-4    N=140447 (cache 140447 OK) xcheck=140447 chg=0.007 | AUC=0.563 F1@0.5=0.020 P=0.010 R=0.976
08:55:38 test 222-5    N=143030 (cache 143030 OK) xcheck=143030 chg=0.006 | AUC=0.632 F1@0.5=0.015 P=0.008 R=1.000
08:55:38 test 227-2    N=44010 (cache 44010 OK) xcheck=44010 chg=0.021 | AUC=0.564 F1@0.5=0.050 P=0.025 R=1.000
08:55:39 test 227-3    N=59217 (cache 59217 OK) xcheck=59217 chg=0.066 | AUC=0.770 F1@0.5=0.155 P=0.084 R=0.960
08:55:39 test 227-4    N=73766 (cache 73766 OK) xcheck=73766 chg=0.092 | AUC=0.663 F1@0.5=0.227 P=0.128 R=0.993
08:55:39 test 227-5    N=75512 (cache 75512 OK) xcheck=75512 chg=0.140 | AUC=0.524 F1@0.5=0.283 P=0.168 R=0.890
08:55:39 
08:55:39 Verifying Section 8 schema and N == sum(count_t1) on all written files...
08:55:42 Schema + N + cross-checks passed for 238 scene files.
08:55:42 Done.
