14:30:20 predict: model=siamese_pointnet2 dataset=indoorcd device=cuda (fixed_n=True)
14:30:20 checkpoint=predictions/indoorcd/siamese_pointnet2/best.pt (epoch=43 val_f1=0.4317)
14:30:20 NN-propagation: per-cube nearest neighbour in centred metric space; scores=softmax(logits)[:,1]
14:30:20 predict FPS regime: FIXED seed=42 (reproducible single pass, val + test)
14:30:20 FPS device: model device (GPU-FPS, raw_mode loader)
14:30:20 grid subsample (dl0): 0.03 m before FPS (GPU-FPS only)
14:30:20 output dir: predictions/indoorcd/siamese_pointnet2
14:30:22 
14:35:10 val  014-2    N=49660 (cache 49660 OK) xcheck=49660 chg=0.000 | AUC=nan F1@0.5=0.000 P=0.000 R=0.000
14:35:10 val  014-3    N=57898 (cache 57898 OK) xcheck=57898 chg=0.003 | AUC=0.945 F1@0.5=0.027 P=0.014 R=0.861
14:35:10 val  014-4    N=58069 (cache 58069 OK) xcheck=58069 chg=0.008 | AUC=0.874 F1@0.5=0.183 P=0.105 R=0.688
14:35:10 val  014-5    N=56295 (cache 56295 OK) xcheck=56295 chg=0.011 | AUC=0.908 F1@0.5=0.196 P=0.117 R=0.610
14:35:10 val  020-2    N=135408 (cache 135408 OK) xcheck=135408 chg=0.004 | AUC=0.680 F1@0.5=0.001 P=0.000 R=0.017
14:35:10 val  020-3    N=132798 (cache 132798 OK) xcheck=132798 chg=0.036 | AUC=0.896 F1@0.5=0.246 P=0.150 R=0.681
14:35:10 val  020-4    N=150140 (cache 150140 OK) xcheck=150140 chg=0.058 | AUC=0.853 F1@0.5=0.339 P=0.271 R=0.451
14:35:10 val  045-2    N=71612 (cache 71612 OK) xcheck=71612 chg=0.002 | AUC=0.817 F1@0.5=0.000 P=0.000 R=0.000
14:35:10 val  045-3    N=73736 (cache 73736 OK) xcheck=73736 chg=0.001 | AUC=0.886 F1@0.5=0.000 P=0.000 R=0.000
14:35:10 val  045-4    N=78322 (cache 78322 OK) xcheck=78322 chg=0.101 | AUC=0.933 F1@0.5=0.580 P=0.491 R=0.707
14:35:10 val  047-2    N=96643 (cache 96643 OK) xcheck=96643 chg=0.003 | AUC=0.665 F1@0.5=0.000 P=0.000 R=0.000
14:35:11 val  047-3    N=115977 (cache 115977 OK) xcheck=115977 chg=0.001 | AUC=0.999 F1@0.5=0.079 P=0.041 R=1.000
14:35:11 val  047-5    N=123115 (cache 123115 OK) xcheck=123115 chg=0.010 | AUC=0.907 F1@0.5=0.103 P=0.058 R=0.494
14:35:11 val  048-2    N=210820 (cache 210820 OK) xcheck=210820 chg=0.002 | AUC=0.777 F1@0.5=0.010 P=0.005 R=0.451
14:35:11 val  048-3    N=218959 (cache 218959 OK) xcheck=218959 chg=0.003 | AUC=0.650 F1@0.5=0.004 P=0.002 R=0.161
14:35:11 val  048-4    N=230039 (cache 230039 OK) xcheck=230039 chg=0.003 | AUC=0.755 F1@0.5=0.012 P=0.006 R=0.367
14:35:11 val  048-5    N=226799 (cache 226799 OK) xcheck=226799 chg=0.005 | AUC=0.819 F1@0.5=0.030 P=0.016 R=0.604
14:35:11 val  059-3    N=127538 (cache 127538 OK) xcheck=127538 chg=0.004 | AUC=0.917 F1@0.5=0.030 P=0.016 R=0.178
14:35:12 val  064-2    N=101898 (cache 101898 OK) xcheck=101898 chg=0.002 | AUC=0.797 F1@0.5=0.000 P=0.000 R=0.000
14:35:12 val  064-3    N=95651 (cache 95651 OK) xcheck=95651 chg=0.029 | AUC=0.992 F1@0.5=0.493 P=0.332 R=0.963
14:35:12 val  064-4    N=92139 (cache 92139 OK) xcheck=92139 chg=0.007 | AUC=0.940 F1@0.5=0.271 P=0.167 R=0.717
14:35:12 val  064-5    N=111671 (cache 111671 OK) xcheck=111671 chg=0.033 | AUC=0.974 F1@0.5=0.339 P=0.207 R=0.939
14:35:12 val  068-2    N=105643 (cache 105643 OK) xcheck=105643 chg=0.003 | AUC=0.966 F1@0.5=0.000 P=0.000 R=0.000
14:35:12 val  068-3    N=111731 (cache 111731 OK) xcheck=111731 chg=0.001 | AUC=0.978 F1@0.5=0.017 P=0.009 R=0.121
14:35:12 val  068-4    N=114099 (cache 114099 OK) xcheck=114099 chg=0.003 | AUC=0.817 F1@0.5=0.036 P=0.500 R=0.019
14:35:12 val  068-5    N=118999 (cache 118999 OK) xcheck=118999 chg=0.006 | AUC=0.788 F1@0.5=0.084 P=0.268 R=0.050
14:35:12 val  076-2    N=73647 (cache 73647 OK) xcheck=73647 chg=0.009 | AUC=0.919 F1@0.5=0.098 P=0.052 R=0.974
14:35:12 val  076-3    N=73100 (cache 73100 OK) xcheck=73100 chg=0.007 | AUC=0.981 F1@0.5=0.106 P=0.056 R=0.963
14:35:12 val  076-5    N=100023 (cache 100023 OK) xcheck=100023 chg=0.020 | AUC=0.922 F1@0.5=0.154 P=0.086 R=0.731
14:35:12 val  083-2    N=123545 (cache 123545 OK) xcheck=123545 chg=0.000 | AUC=0.933 F1@0.5=0.001 P=0.001 R=1.000
14:35:13 val  083-3    N=136060 (cache 136060 OK) xcheck=136060 chg=0.016 | AUC=0.969 F1@0.5=0.167 P=0.091 R=1.000
14:35:13 val  083-4    N=121555 (cache 121555 OK) xcheck=121555 chg=0.009 | AUC=0.936 F1@0.5=0.082 P=0.043 R=1.000
14:35:13 val  083-5    N=119507 (cache 119507 OK) xcheck=119507 chg=0.024 | AUC=0.972 F1@0.5=0.259 P=0.150 R=0.975
14:35:13 val  115-3    N=122885 (cache 122885 OK) xcheck=122885 chg=0.004 | AUC=0.994 F1@0.5=0.086 P=0.045 R=0.992
14:35:13 val  115-4    N=106744 (cache 106744 OK) xcheck=106744 chg=0.005 | AUC=0.898 F1@0.5=0.051 P=0.027 R=0.708
14:35:13 val  115-5    N=126310 (cache 126310 OK) xcheck=126310 chg=0.003 | AUC=0.830 F1@0.5=0.024 P=0.012 R=0.410
14:35:13 val  133-2    N=47343 (cache 47343 OK) xcheck=47343 chg=0.036 | AUC=0.891 F1@0.5=0.230 P=0.154 R=0.455
14:35:13 val  133-3    N=49070 (cache 49070 OK) xcheck=49070 chg=0.006 | AUC=0.593 F1@0.5=0.001 P=0.001 R=0.007
14:35:13 val  133-4    N=35336 (cache 35336 OK) xcheck=35336 chg=0.045 | AUC=0.892 F1@0.5=0.201 P=0.112 R=0.976
14:35:13 val  133-5    N=48435 (cache 48435 OK) xcheck=48435 chg=0.083 | AUC=0.913 F1@0.5=0.329 P=0.197 R=0.985
14:35:13 val  140-2    N=75761 (cache 75761 OK) xcheck=75761 chg=0.000 | AUC=nan F1@0.5=0.000 P=0.000 R=0.000
14:35:13 val  140-3    N=90049 (cache 90049 OK) xcheck=90049 chg=0.001 | AUC=0.984 F1@0.5=0.075 P=0.065 R=0.088
14:35:13 val  154-2    N=121454 (cache 121454 OK) xcheck=121454 chg=0.002 | AUC=0.897 F1@0.5=0.015 P=0.007 R=0.348
14:35:13 val  154-3    N=149699 (cache 149699 OK) xcheck=149699 chg=0.002 | AUC=0.932 F1@0.5=0.022 P=0.011 R=0.697
14:35:14 val  154-4    N=121666 (cache 121666 OK) xcheck=121666 chg=0.014 | AUC=0.867 F1@0.5=0.120 P=0.066 R=0.641
14:35:14 val  154-5    N=155796 (cache 155796 OK) xcheck=155796 chg=0.011 | AUC=0.907 F1@0.5=0.057 P=0.037 R=0.130
14:35:14 val  172-2    N=52535 (cache 52535 OK) xcheck=52535 chg=0.000 | AUC=nan F1@0.5=0.000 P=0.000 R=0.000
14:35:14 val  172-3    N=64673 (cache 64673 OK) xcheck=64673 chg=0.018 | AUC=0.927 F1@0.5=0.179 P=0.105 R=0.621
14:35:14 val  172-4    N=66296 (cache 66296 OK) xcheck=66296 chg=0.061 | AUC=0.965 F1@0.5=0.391 P=0.243 R=0.995
14:35:14 val  172-5    N=64764 (cache 64764 OK) xcheck=64764 chg=0.073 | AUC=0.977 F1@0.5=0.515 P=0.348 R=0.988
14:35:14 val  178-2    N=94207 (cache 94207 OK) xcheck=94207 chg=0.015 | AUC=0.922 F1@0.5=0.065 P=0.047 R=0.108
14:35:14 val  178-3    N=94285 (cache 94285 OK) xcheck=94285 chg=0.004 | AUC=0.996 F1@0.5=0.088 P=0.046 R=0.983
14:35:14 val  178-4    N=90476 (cache 90476 OK) xcheck=90476 chg=0.023 | AUC=0.948 F1@0.5=0.299 P=0.186 R=0.774
14:35:14 val  178-5    N=91002 (cache 91002 OK) xcheck=91002 chg=0.041 | AUC=0.954 F1@0.5=0.443 P=0.356 R=0.588
14:35:14 val  183-2    N=64107 (cache 64107 OK) xcheck=64107 chg=0.001 | AUC=0.990 F1@0.5=0.063 P=0.033 R=0.538
14:35:14 val  183-3    N=81072 (cache 81072 OK) xcheck=81072 chg=0.014 | AUC=0.961 F1@0.5=0.364 P=0.289 R=0.490
14:35:14 val  183-4    N=70055 (cache 70055 OK) xcheck=70055 chg=0.017 | AUC=0.890 F1@0.5=0.022 P=0.043 R=0.015
14:35:14 val  183-5    N=79649 (cache 79649 OK) xcheck=79649 chg=0.022 | AUC=0.954 F1@0.5=0.310 P=0.205 R=0.642
14:35:14 val  187-2    N=75403 (cache 75403 OK) xcheck=75403 chg=0.015 | AUC=0.872 F1@0.5=0.067 P=0.064 R=0.070
14:35:15 val  187-3    N=76320 (cache 76320 OK) xcheck=76320 chg=0.006 | AUC=0.992 F1@0.5=0.238 P=0.135 R=1.000
14:35:15 val  187-4    N=64839 (cache 64839 OK) xcheck=64839 chg=0.021 | AUC=0.996 F1@0.5=0.666 P=0.500 R=0.996
14:35:15 val  187-5    N=80597 (cache 80597 OK) xcheck=80597 chg=0.019 | AUC=0.963 F1@0.5=0.347 P=0.237 R=0.648
14:35:15 val  189-2    N=102100 (cache 102100 OK) xcheck=102100 chg=0.008 | AUC=0.955 F1@0.5=0.057 P=0.091 R=0.041
14:35:15 val  189-3    N=104340 (cache 104340 OK) xcheck=104340 chg=0.005 | AUC=0.993 F1@0.5=0.269 P=0.156 R=0.983
14:35:15 val  189-4    N=98152 (cache 98152 OK) xcheck=98152 chg=0.008 | AUC=0.992 F1@0.5=0.319 P=0.190 R=0.980
14:35:15 val  189-5    N=113111 (cache 113111 OK) xcheck=113111 chg=0.018 | AUC=0.976 F1@0.5=0.544 P=0.517 R=0.573
14:35:15 val  202-2    N=110347 (cache 110347 OK) xcheck=110347 chg=0.013 | AUC=0.784 F1@0.5=0.039 P=0.021 R=0.308
14:35:15 val  202-3    N=104028 (cache 104028 OK) xcheck=104028 chg=0.002 | AUC=0.833 F1@0.5=0.012 P=0.006 R=0.477
14:35:15 val  202-4    N=109424 (cache 109424 OK) xcheck=109424 chg=0.068 | AUC=0.912 F1@0.5=0.324 P=0.195 R=0.964
14:35:15 val  202-5    N=94786 (cache 94786 OK) xcheck=94786 chg=0.082 | AUC=0.949 F1@0.5=0.548 P=0.403 R=0.856
14:35:15 val  211-2    N=93055 (cache 93055 OK) xcheck=93055 chg=0.002 | AUC=0.806 F1@0.5=0.011 P=0.006 R=0.359
14:35:15 val  211-3    N=85773 (cache 85773 OK) xcheck=85773 chg=0.000 | AUC=nan F1@0.5=0.000 P=0.000 R=0.000
14:35:15 val  211-4    N=87637 (cache 87637 OK) xcheck=87637 chg=0.003 | AUC=0.999 F1@0.5=0.048 P=0.025 R=1.000
14:35:16 val  211-5    N=94849 (cache 94849 OK) xcheck=94849 chg=0.006 | AUC=0.903 F1@0.5=0.041 P=0.021 R=0.781
14:35:16 val  220-2    N=68027 (cache 68027 OK) xcheck=68027 chg=0.000 | AUC=nan F1@0.5=0.000 P=0.000 R=0.000
14:35:16 val  220-3    N=63876 (cache 63876 OK) xcheck=63876 chg=0.013 | AUC=0.970 F1@0.5=0.135 P=0.073 R=0.985
14:35:16 val  220-4    N=79747 (cache 79747 OK) xcheck=79747 chg=0.062 | AUC=0.973 F1@0.5=0.404 P=0.253 R=1.000
14:35:16 val  220-5    N=80416 (cache 80416 OK) xcheck=80416 chg=0.077 | AUC=0.947 F1@0.5=0.466 P=0.310 R=0.941
14:47:22 test 009-2    N=61508 (cache 61508 OK) xcheck=61508 chg=0.000 | AUC=nan F1@0.5=0.000 P=0.000 R=0.000
14:47:22 test 009-3    N=56768 (cache 56768 OK) xcheck=56768 chg=0.004 | AUC=0.997 F1@0.5=0.071 P=0.037 R=1.000
14:47:22 test 009-4    N=75073 (cache 75073 OK) xcheck=75073 chg=0.004 | AUC=0.820 F1@0.5=0.036 P=0.018 R=0.881
14:47:22 test 009-5    N=59424 (cache 59424 OK) xcheck=59424 chg=0.009 | AUC=0.950 F1@0.5=0.084 P=0.044 R=0.834
14:47:22 test 017-2    N=101198 (cache 101198 OK) xcheck=101198 chg=0.000 | AUC=nan F1@0.5=0.000 P=0.000 R=0.000
14:47:22 test 017-3    N=99171 (cache 99171 OK) xcheck=99171 chg=0.027 | AUC=0.911 F1@0.5=0.215 P=0.140 R=0.459
14:47:22 test 017-4    N=89170 (cache 89170 OK) xcheck=89170 chg=0.002 | AUC=0.996 F1@0.5=0.059 P=0.030 R=1.000
14:47:22 test 017-5    N=98218 (cache 98218 OK) xcheck=98218 chg=0.004 | AUC=0.969 F1@0.5=0.062 P=0.032 R=0.978
14:47:22 test 018-2    N=198639 (cache 198639 OK) xcheck=198639 chg=0.000 | AUC=nan F1@0.5=0.000 P=0.000 R=0.000
14:47:22 test 018-3    N=202230 (cache 202230 OK) xcheck=202230 chg=0.021 | AUC=0.365 F1@0.5=0.004 P=0.002 R=0.007
14:47:23 test 018-4    N=242224 (cache 242224 OK) xcheck=242224 chg=0.002 | AUC=0.568 F1@0.5=0.000 P=0.000 R=0.000
14:47:23 test 018-5    N=237330 (cache 237330 OK) xcheck=237330 chg=0.007 | AUC=0.343 F1@0.5=0.000 P=0.000 R=0.000
14:47:23 test 019-2    N=64889 (cache 64889 OK) xcheck=64889 chg=0.005 | AUC=0.979 F1@0.5=0.086 P=0.045 R=1.000
14:47:23 test 019-3    N=63654 (cache 63654 OK) xcheck=63654 chg=0.017 | AUC=0.839 F1@0.5=0.058 P=0.039 R=0.109
14:47:23 test 019-4    N=63780 (cache 63780 OK) xcheck=63780 chg=0.003 | AUC=0.860 F1@0.5=0.034 P=0.017 R=0.593
14:47:23 test 019-5    N=72113 (cache 72113 OK) xcheck=72113 chg=0.016 | AUC=0.908 F1@0.5=0.185 P=0.110 R=0.579
14:47:23 test 023-2    N=208496 (cache 208496 OK) xcheck=208496 chg=0.005 | AUC=0.898 F1@0.5=0.051 P=0.027 R=0.557
14:47:23 test 023-3    N=238419 (cache 238419 OK) xcheck=238419 chg=0.017 | AUC=0.904 F1@0.5=0.189 P=0.107 R=0.822
14:47:24 test 023-4    N=247383 (cache 247383 OK) xcheck=247383 chg=0.019 | AUC=0.902 F1@0.5=0.190 P=0.113 R=0.603
14:47:24 test 023-5    N=266160 (cache 266160 OK) xcheck=266160 chg=0.044 | AUC=0.937 F1@0.5=0.394 P=0.270 R=0.726
14:47:24 test 026-2    N=85235 (cache 85235 OK) xcheck=85235 chg=0.000 | AUC=nan F1@0.5=0.000 P=0.000 R=0.000
14:47:24 test 026-3    N=72327 (cache 72327 OK) xcheck=72327 chg=0.002 | AUC=0.976 F1@0.5=0.034 P=0.017 R=1.000
14:47:24 test 026-4    N=77469 (cache 77469 OK) xcheck=77469 chg=0.007 | AUC=0.967 F1@0.5=0.122 P=0.065 R=0.881
14:47:24 test 026-5    N=82172 (cache 82172 OK) xcheck=82172 chg=0.004 | AUC=0.958 F1@0.5=0.048 P=0.024 R=1.000
14:47:24 test 027-2    N=93230 (cache 93230 OK) xcheck=93230 chg=0.017 | AUC=0.690 F1@0.5=0.000 P=0.000 R=0.000
14:47:24 test 027-3    N=90437 (cache 90437 OK) xcheck=90437 chg=0.011 | AUC=0.993 F1@0.5=0.183 P=0.101 R=1.000
14:47:24 test 027-4    N=100904 (cache 100904 OK) xcheck=100904 chg=0.006 | AUC=0.983 F1@0.5=0.209 P=0.120 R=0.812
14:47:24 test 035-2    N=74934 (cache 74934 OK) xcheck=74934 chg=0.010 | AUC=0.987 F1@0.5=0.199 P=0.111 R=0.977
14:47:25 test 035-3    N=102558 (cache 102558 OK) xcheck=102558 chg=0.072 | AUC=0.959 F1@0.5=0.565 P=0.484 R=0.678
14:47:25 test 035-4    N=98422 (cache 98422 OK) xcheck=98422 chg=0.015 | AUC=0.905 F1@0.5=0.222 P=0.133 R=0.662
14:47:25 test 035-5    N=103171 (cache 103171 OK) xcheck=103171 chg=0.069 | AUC=0.952 F1@0.5=0.558 P=0.453 R=0.729
14:47:25 test 036-2    N=167802 (cache 167802 OK) xcheck=167802 chg=0.005 | AUC=0.986 F1@0.5=0.287 P=0.181 R=0.693
14:47:25 test 036-3    N=147814 (cache 147814 OK) xcheck=147814 chg=0.007 | AUC=1.000 F1@0.5=0.285 P=0.166 R=1.000
14:47:25 test 036-4    N=151218 (cache 151218 OK) xcheck=151218 chg=0.030 | AUC=0.964 F1@0.5=0.541 P=0.475 R=0.629
14:47:25 test 036-5    N=155858 (cache 155858 OK) xcheck=155858 chg=0.034 | AUC=0.948 F1@0.5=0.418 P=0.321 R=0.599
14:47:25 test 039-2    N=154177 (cache 154177 OK) xcheck=154177 chg=0.006 | AUC=0.961 F1@0.5=0.123 P=0.067 R=0.799
14:47:26 test 039-5    N=164569 (cache 164569 OK) xcheck=164569 chg=0.073 | AUC=0.959 F1@0.5=0.569 P=0.430 R=0.840
14:47:26 test 040-3    N=282613 (cache 282613 OK) xcheck=282613 chg=0.014 | AUC=0.981 F1@0.5=0.316 P=0.192 R=0.900
14:47:26 test 040-4    N=277978 (cache 277978 OK) xcheck=277978 chg=0.057 | AUC=0.881 F1@0.5=0.308 P=0.221 R=0.510
14:47:26 test 040-5    N=269900 (cache 269900 OK) xcheck=269900 chg=0.068 | AUC=0.938 F1@0.5=0.541 P=0.429 R=0.733
14:47:26 test 041-2    N=56643 (cache 56643 OK) xcheck=56643 chg=0.020 | AUC=0.911 F1@0.5=0.007 P=0.005 R=0.013
14:47:26 test 041-3    N=61573 (cache 61573 OK) xcheck=61573 chg=0.044 | AUC=0.995 F1@0.5=0.562 P=0.392 R=0.995
14:47:26 test 041-4    N=57601 (cache 57601 OK) xcheck=57601 chg=0.026 | AUC=0.983 F1@0.5=0.579 P=0.439 R=0.849
14:47:26 test 041-5    N=62375 (cache 62375 OK) xcheck=62375 chg=0.094 | AUC=0.959 F1@0.5=0.643 P=0.547 R=0.779
14:47:26 test 046-2    N=77971 (cache 77971 OK) xcheck=77971 chg=0.001 | AUC=0.889 F1@0.5=0.000 P=0.000 R=0.000
14:47:27 test 046-3    N=78579 (cache 78579 OK) xcheck=78579 chg=0.011 | AUC=0.989 F1@0.5=0.311 P=0.184 R=1.000
14:47:27 test 046-4    N=71061 (cache 71061 OK) xcheck=71061 chg=0.002 | AUC=0.924 F1@0.5=0.033 P=0.017 R=0.933
14:47:27 test 046-5    N=67519 (cache 67519 OK) xcheck=67519 chg=0.018 | AUC=0.964 F1@0.5=0.356 P=0.221 R=0.919
14:47:27 test 049-2    N=148058 (cache 148058 OK) xcheck=148058 chg=0.003 | AUC=0.971 F1@0.5=0.123 P=0.076 R=0.324
14:47:27 test 049-5    N=162691 (cache 162691 OK) xcheck=162691 chg=0.005 | AUC=0.996 F1@0.5=0.230 P=0.130 R=1.000
14:47:27 test 053-2    N=304383 (cache 304383 OK) xcheck=304383 chg=0.000 | AUC=nan F1@0.5=0.000 P=0.000 R=0.000
14:47:27 test 053-3    N=312314 (cache 312314 OK) xcheck=312314 chg=0.015 | AUC=0.973 F1@0.5=0.237 P=0.136 R=0.930
14:47:27 test 053-4    N=299755 (cache 299755 OK) xcheck=299755 chg=0.028 | AUC=0.933 F1@0.5=0.308 P=0.189 R=0.827
14:47:28 test 053-5    N=301047 (cache 301047 OK) xcheck=301047 chg=0.032 | AUC=0.976 F1@0.5=0.331 P=0.200 R=0.952
14:47:28 test 055-2    N=92714 (cache 92714 OK) xcheck=92714 chg=0.004 | AUC=0.914 F1@0.5=0.053 P=0.027 R=1.000
14:47:28 test 055-4    N=85113 (cache 85113 OK) xcheck=85113 chg=0.005 | AUC=0.899 F1@0.5=0.057 P=0.029 R=0.922
14:47:28 test 055-5    N=87859 (cache 87859 OK) xcheck=87859 chg=0.009 | AUC=0.898 F1@0.5=0.124 P=0.067 R=0.790
14:47:28 test 065-2    N=54020 (cache 54020 OK) xcheck=54020 chg=0.000 | AUC=0.740 F1@0.5=0.000 P=0.000 R=0.000
14:47:28 test 065-3    N=58220 (cache 58220 OK) xcheck=58220 chg=0.008 | AUC=0.982 F1@0.5=0.258 P=0.150 R=0.934
14:47:28 test 065-4    N=56762 (cache 56762 OK) xcheck=56762 chg=0.001 | AUC=0.658 F1@0.5=0.000 P=0.000 R=0.000
14:47:28 test 065-5    N=56343 (cache 56343 OK) xcheck=56343 chg=0.009 | AUC=0.952 F1@0.5=0.092 P=0.055 R=0.266
14:47:28 test 067-2    N=160533 (cache 160533 OK) xcheck=160533 chg=0.000 | AUC=nan F1@0.5=0.000 P=0.000 R=0.000
14:47:28 test 067-4    N=169239 (cache 169239 OK) xcheck=169239 chg=0.019 | AUC=0.929 F1@0.5=0.190 P=0.109 R=0.724
14:47:28 test 067-5    N=194913 (cache 194913 OK) xcheck=194913 chg=0.016 | AUC=0.981 F1@0.5=0.202 P=0.113 R=0.955
14:47:29 test 071-2    N=316378 (cache 316378 OK) xcheck=316378 chg=0.009 | AUC=0.964 F1@0.5=0.194 P=0.109 R=0.884
14:47:29 test 071-3    N=324895 (cache 324895 OK) xcheck=324895 chg=0.002 | AUC=0.992 F1@0.5=0.027 P=0.014 R=0.950
14:47:29 test 071-4    N=310519 (cache 310519 OK) xcheck=310519 chg=0.047 | AUC=0.930 F1@0.5=0.423 P=0.301 R=0.712
14:47:29 test 071-5    N=319535 (cache 319535 OK) xcheck=319535 chg=0.044 | AUC=0.919 F1@0.5=0.361 P=0.243 R=0.700
14:47:30 test 085-2    N=93259 (cache 93259 OK) xcheck=93259 chg=0.003 | AUC=0.955 F1@0.5=0.053 P=0.028 R=0.764
14:47:30 test 085-3    N=100300 (cache 100300 OK) xcheck=100300 chg=0.020 | AUC=0.989 F1@0.5=0.286 P=0.168 R=0.971
14:47:30 test 085-4    N=104322 (cache 104322 OK) xcheck=104322 chg=0.303 | AUC=0.948 F1@0.5=0.731 P=0.892 R=0.618
14:47:30 test 085-5    N=117449 (cache 117449 OK) xcheck=117449 chg=0.260 | AUC=0.913 F1@0.5=0.587 P=0.784 R=0.469
14:47:30 test 106-2    N=66904 (cache 66904 OK) xcheck=66904 chg=0.034 | AUC=0.435 F1@0.5=0.000 P=0.000 R=0.000
14:47:30 test 106-3    N=70965 (cache 70965 OK) xcheck=70965 chg=0.027 | AUC=0.616 F1@0.5=0.030 P=0.019 R=0.069
14:47:30 test 106-4    N=75155 (cache 75155 OK) xcheck=75155 chg=0.029 | AUC=0.631 F1@0.5=0.080 P=0.052 R=0.175
14:47:30 test 106-5    N=67337 (cache 67337 OK) xcheck=67337 chg=0.049 | AUC=0.732 F1@0.5=0.073 P=0.066 R=0.082
14:47:30 test 111-2    N=102272 (cache 102272 OK) xcheck=102272 chg=0.000 | AUC=nan F1@0.5=0.000 P=0.000 R=0.000
14:47:30 test 111-3    N=104394 (cache 104394 OK) xcheck=104394 chg=0.019 | AUC=0.998 F1@0.5=0.187 P=0.103 R=1.000
14:47:30 test 111-4    N=103645 (cache 103645 OK) xcheck=103645 chg=0.021 | AUC=0.894 F1@0.5=0.148 P=0.084 R=0.631
14:47:30 test 111-5    N=128537 (cache 128537 OK) xcheck=128537 chg=0.030 | AUC=0.989 F1@0.5=0.336 P=0.202 R=0.997
14:47:30 test 119-2    N=79312 (cache 79312 OK) xcheck=79312 chg=0.001 | AUC=0.876 F1@0.5=0.008 P=0.004 R=0.385
14:47:31 test 119-3    N=72622 (cache 72622 OK) xcheck=72622 chg=0.012 | AUC=0.991 F1@0.5=0.144 P=0.078 R=0.989
14:47:31 test 119-4    N=77498 (cache 77498 OK) xcheck=77498 chg=0.030 | AUC=0.899 F1@0.5=0.188 P=0.106 R=0.844
14:47:31 test 119-5    N=77915 (cache 77915 OK) xcheck=77915 chg=0.045 | AUC=0.907 F1@0.5=0.290 P=0.179 R=0.766
14:47:31 test 120-2    N=135502 (cache 135502 OK) xcheck=135502 chg=0.007 | AUC=0.951 F1@0.5=0.099 P=0.053 R=0.783
14:47:31 test 120-3    N=131968 (cache 131968 OK) xcheck=131968 chg=0.012 | AUC=0.992 F1@0.5=0.243 P=0.139 R=0.984
14:47:31 test 120-4    N=151062 (cache 151062 OK) xcheck=151062 chg=0.020 | AUC=0.927 F1@0.5=0.275 P=0.176 R=0.628
14:47:31 test 120-5    N=135797 (cache 135797 OK) xcheck=135797 chg=0.038 | AUC=0.954 F1@0.5=0.442 P=0.322 R=0.703
14:47:31 test 123-2    N=62346 (cache 62346 OK) xcheck=62346 chg=0.000 | AUC=0.747 F1@0.5=0.000 P=0.000 R=0.000
14:47:31 test 123-3    N=64323 (cache 64323 OK) xcheck=64323 chg=0.005 | AUC=0.965 F1@0.5=0.174 P=0.102 R=0.587
14:47:31 test 123-4    N=64036 (cache 64036 OK) xcheck=64036 chg=0.014 | AUC=0.977 F1@0.5=0.299 P=0.181 R=0.863
14:47:31 test 123-5    N=62612 (cache 62612 OK) xcheck=62612 chg=0.016 | AUC=0.959 F1@0.5=0.259 P=0.154 R=0.823
14:47:31 test 147-2    N=95182 (cache 95182 OK) xcheck=95182 chg=0.014 | AUC=0.914 F1@0.5=0.146 P=0.081 R=0.770
14:47:31 test 147-3    N=120938 (cache 120938 OK) xcheck=120938 chg=0.015 | AUC=0.910 F1@0.5=0.134 P=0.077 R=0.500
14:47:32 test 147-4    N=104749 (cache 104749 OK) xcheck=104749 chg=0.038 | AUC=0.907 F1@0.5=0.241 P=0.148 R=0.651
14:47:32 test 147-5    N=112934 (cache 112934 OK) xcheck=112934 chg=0.018 | AUC=0.827 F1@0.5=0.113 P=0.063 R=0.513
14:47:32 test 148-2    N=67936 (cache 67936 OK) xcheck=67936 chg=0.001 | AUC=0.880 F1@0.5=0.009 P=0.005 R=0.695
14:47:32 test 148-3    N=82277 (cache 82277 OK) xcheck=82277 chg=0.001 | AUC=0.970 F1@0.5=0.008 P=0.004 R=1.000
14:47:32 test 148-4    N=85006 (cache 85006 OK) xcheck=85006 chg=0.013 | AUC=0.940 F1@0.5=0.144 P=0.078 R=0.980
14:47:32 test 148-5    N=77488 (cache 77488 OK) xcheck=77488 chg=0.019 | AUC=0.957 F1@0.5=0.169 P=0.093 R=0.897
14:47:32 test 151-2    N=122036 (cache 122036 OK) xcheck=122036 chg=0.020 | AUC=0.968 F1@0.5=0.414 P=0.282 R=0.775
14:47:32 test 151-3    N=128829 (cache 128829 OK) xcheck=128829 chg=0.001 | AUC=0.947 F1@0.5=0.013 P=0.007 R=0.804
14:47:32 test 151-4    N=128972 (cache 128972 OK) xcheck=128972 chg=0.003 | AUC=0.816 F1@0.5=0.000 P=0.000 R=0.000
14:47:32 test 151-5    N=136546 (cache 136546 OK) xcheck=136546 chg=0.020 | AUC=0.939 F1@0.5=0.289 P=0.182 R=0.704
14:47:32 test 152-2    N=101059 (cache 101059 OK) xcheck=101059 chg=0.006 | AUC=0.973 F1@0.5=0.017 P=0.014 R=0.021
14:47:33 test 152-3    N=104503 (cache 104503 OK) xcheck=104503 chg=0.007 | AUC=0.895 F1@0.5=0.000 P=0.000 R=0.000
14:47:33 test 152-4    N=96662 (cache 96662 OK) xcheck=96662 chg=0.018 | AUC=0.893 F1@0.5=0.140 P=0.099 R=0.243
14:47:33 test 152-5    N=104491 (cache 104491 OK) xcheck=104491 chg=0.026 | AUC=0.879 F1@0.5=0.013 P=0.011 R=0.016
14:47:33 test 153-4    N=75291 (cache 75291 OK) xcheck=75291 chg=0.010 | AUC=0.855 F1@0.5=0.022 P=0.013 R=0.075
14:47:33 test 153-5    N=90440 (cache 90440 OK) xcheck=90440 chg=0.035 | AUC=0.966 F1@0.5=0.484 P=0.348 R=0.793
14:47:33 test 175-2    N=64969 (cache 64969 OK) xcheck=64969 chg=0.006 | AUC=0.870 F1@0.5=0.044 P=0.023 R=0.483
14:47:33 test 175-3    N=73915 (cache 73915 OK) xcheck=73915 chg=0.008 | AUC=0.999 F1@0.5=0.180 P=0.099 R=1.000
14:47:33 test 175-4    N=75080 (cache 75080 OK) xcheck=75080 chg=0.044 | AUC=0.977 F1@0.5=0.383 P=0.237 R=0.999
14:47:33 test 177-2    N=31647 (cache 31647 OK) xcheck=31647 chg=0.002 | AUC=0.863 F1@0.5=0.007 P=0.003 R=0.190
14:47:33 test 177-3    N=36990 (cache 36990 OK) xcheck=36990 chg=0.006 | AUC=0.917 F1@0.5=0.073 P=0.039 R=0.646
14:47:33 test 177-4    N=38872 (cache 38872 OK) xcheck=38872 chg=0.004 | AUC=0.653 F1@0.5=0.000 P=0.000 R=0.000
14:47:33 test 177-5    N=43632 (cache 43632 OK) xcheck=43632 chg=0.008 | AUC=0.894 F1@0.5=0.052 P=0.027 R=0.783
14:47:33 test 190-2    N=228897 (cache 228897 OK) xcheck=228897 chg=0.006 | AUC=0.949 F1@0.5=0.123 P=0.071 R=0.484
14:47:34 test 190-3    N=219197 (cache 219197 OK) xcheck=219197 chg=0.014 | AUC=0.993 F1@0.5=0.477 P=0.322 R=0.923
14:47:34 test 190-4    N=258749 (cache 258749 OK) xcheck=258749 chg=0.222 | AUC=0.860 F1@0.5=0.588 P=0.802 R=0.464
14:47:34 test 190-5    N=230686 (cache 230686 OK) xcheck=230686 chg=0.232 | AUC=0.821 F1@0.5=0.618 P=0.797 R=0.504
14:47:34 test 191-2    N=95762 (cache 95762 OK) xcheck=95762 chg=0.003 | AUC=0.996 F1@0.5=0.000 P=0.000 R=0.000
14:47:34 test 191-3    N=108006 (cache 108006 OK) xcheck=108006 chg=0.001 | AUC=0.774 F1@0.5=0.000 P=0.000 R=0.000
14:47:34 test 191-4    N=103067 (cache 103067 OK) xcheck=103067 chg=0.011 | AUC=0.999 F1@0.5=0.815 P=0.717 R=0.944
14:47:34 test 191-5    N=119644 (cache 119644 OK) xcheck=119644 chg=0.005 | AUC=0.972 F1@0.5=0.136 P=0.073 R=0.970
14:47:34 test 196-2    N=70429 (cache 70429 OK) xcheck=70429 chg=0.000 | AUC=nan F1@0.5=0.000 P=0.000 R=0.000
14:47:34 test 196-3    N=82246 (cache 82246 OK) xcheck=82246 chg=0.027 | AUC=0.986 F1@0.5=0.480 P=0.316 R=1.000
14:47:34 test 196-4    N=79011 (cache 79011 OK) xcheck=79011 chg=0.039 | AUC=0.988 F1@0.5=0.353 P=0.215 R=0.997
14:47:34 test 196-5    N=103000 (cache 103000 OK) xcheck=103000 chg=0.062 | AUC=0.977 F1@0.5=0.548 P=0.384 R=0.954
14:47:35 test 197-2    N=103902 (cache 103902 OK) xcheck=103902 chg=0.000 | AUC=0.955 F1@0.5=0.005 P=0.003 R=1.000
14:47:35 test 197-3    N=98673 (cache 98673 OK) xcheck=98673 chg=0.003 | AUC=0.990 F1@0.5=0.074 P=0.038 R=1.000
14:47:35 test 197-4    N=96762 (cache 96762 OK) xcheck=96762 chg=0.010 | AUC=0.957 F1@0.5=0.188 P=0.107 R=0.772
14:47:35 test 197-5    N=122383 (cache 122383 OK) xcheck=122383 chg=0.014 | AUC=0.967 F1@0.5=0.274 P=0.162 R=0.892
14:47:35 test 198-3    N=145104 (cache 145104 OK) xcheck=145104 chg=0.073 | AUC=0.966 F1@0.5=0.557 P=0.405 R=0.895
14:47:35 test 198-4    N=164533 (cache 164533 OK) xcheck=164533 chg=0.113 | AUC=0.891 F1@0.5=0.444 P=0.364 R=0.568
14:47:35 test 198-5    N=158470 (cache 158470 OK) xcheck=158470 chg=0.139 | AUC=0.967 F1@0.5=0.790 P=0.782 R=0.799
14:47:35 test 212-2    N=105349 (cache 105349 OK) xcheck=105349 chg=0.012 | AUC=0.874 F1@0.5=0.117 P=0.063 R=0.827
14:47:35 test 212-3    N=95165 (cache 95165 OK) xcheck=95165 chg=0.001 | AUC=0.976 F1@0.5=0.032 P=0.016 R=1.000
14:47:35 test 212-4    N=106672 (cache 106672 OK) xcheck=106672 chg=0.002 | AUC=0.933 F1@0.5=0.039 P=0.020 R=0.656
14:47:35 test 212-5    N=107577 (cache 107577 OK) xcheck=107577 chg=0.014 | AUC=0.941 F1@0.5=0.197 P=0.111 R=0.883
14:47:35 test 216-2    N=64436 (cache 64436 OK) xcheck=64436 chg=0.003 | AUC=0.892 F1@0.5=0.000 P=0.000 R=0.000
14:47:36 test 216-3    N=61493 (cache 61493 OK) xcheck=61493 chg=0.002 | AUC=0.944 F1@0.5=0.000 P=0.000 R=0.000
14:47:36 test 216-4    N=65652 (cache 65652 OK) xcheck=65652 chg=0.001 | AUC=0.897 F1@0.5=0.000 P=0.000 R=0.000
14:47:36 test 216-5    N=66564 (cache 66564 OK) xcheck=66564 chg=0.003 | AUC=0.942 F1@0.5=0.343 P=0.939 R=0.210
14:47:36 test 218-2    N=102100 (cache 102100 OK) xcheck=102100 chg=0.001 | AUC=0.910 F1@0.5=0.000 P=0.000 R=0.000
14:47:36 test 218-3    N=104340 (cache 104340 OK) xcheck=104340 chg=0.005 | AUC=0.997 F1@0.5=0.134 P=0.072 R=1.000
14:47:36 test 218-4    N=98152 (cache 98152 OK) xcheck=98152 chg=0.008 | AUC=0.985 F1@0.5=0.130 P=0.070 R=0.977
14:47:36 test 218-5    N=113112 (cache 113112 OK) xcheck=113112 chg=0.014 | AUC=0.994 F1@0.5=0.603 P=0.455 R=0.893
14:47:36 test 221-2    N=111301 (cache 111301 OK) xcheck=111301 chg=0.001 | AUC=0.983 F1@0.5=0.013 P=0.007 R=1.000
14:47:36 test 221-3    N=125072 (cache 125072 OK) xcheck=125072 chg=0.002 | AUC=0.983 F1@0.5=0.049 P=0.025 R=0.860
14:47:36 test 221-4    N=114725 (cache 114725 OK) xcheck=114725 chg=0.007 | AUC=0.990 F1@0.5=0.134 P=0.072 R=0.997
14:47:36 test 221-5    N=132061 (cache 132061 OK) xcheck=132061 chg=0.009 | AUC=0.981 F1@0.5=0.264 P=0.159 R=0.767
14:47:36 test 222-2    N=126364 (cache 126364 OK) xcheck=126364 chg=0.001 | AUC=0.898 F1@0.5=0.002 P=0.001 R=0.061
14:47:37 test 222-3    N=123892 (cache 123892 OK) xcheck=123892 chg=0.002 | AUC=0.996 F1@0.5=0.036 P=0.018 R=0.990
14:47:37 test 222-4    N=140447 (cache 140447 OK) xcheck=140447 chg=0.007 | AUC=0.998 F1@0.5=0.112 P=0.059 R=1.000
14:47:37 test 222-5    N=143030 (cache 143030 OK) xcheck=143030 chg=0.006 | AUC=0.996 F1@0.5=0.075 P=0.039 R=1.000
14:47:37 test 227-2    N=44010 (cache 44010 OK) xcheck=44010 chg=0.021 | AUC=0.170 F1@0.5=0.000 P=0.000 R=0.000
14:47:37 test 227-3    N=59217 (cache 59217 OK) xcheck=59217 chg=0.066 | AUC=0.953 F1@0.5=0.352 P=0.214 R=0.989
14:47:37 test 227-4    N=73766 (cache 73766 OK) xcheck=73766 chg=0.092 | AUC=0.912 F1@0.5=0.502 P=0.396 R=0.684
14:47:37 test 227-5    N=75512 (cache 75512 OK) xcheck=75512 chg=0.140 | AUC=0.859 F1@0.5=0.529 P=0.437 R=0.670
14:47:37 
14:47:37 Verifying Section 8 schema and N == sum(count_t1) on all written files...
14:47:41 Schema + N + cross-checks passed for 238 scene files.
14:47:41 Done.
