00:52:46 predict: model=randla dataset=indoorcd device=cuda (fixed_n=False)
00:52:46 checkpoint=/content/drive/MyDrive/threshold/predictions/indoorcd/randla/best.pt (epoch=48 val_f1=0.3480)
00:52:46 NN-propagation: per-cube nearest neighbour in centred metric space; scores=softmax(logits)[:,1]
00:52:46 predict FPS regime: FIXED seed=42 (reproducible single pass, val + test)
00:52:46 FPS device: model device (GPU-FPS, raw_mode loader)
00:52:46 grid subsample (dl0): 0.03 m before FPS (GPU-FPS only)
00:52:46 output dir: /content/drive/MyDrive/threshold/predictions/indoorcd/randla
00:52:46 
00:53:31 val  014-2    N=49660 (cache 49660 OK) xcheck=49660 chg=0.000 | AUC=nan F1@0.5=0.000 P=0.000 R=0.000
00:53:31 val  014-3    N=57898 (cache 57898 OK) xcheck=57898 chg=0.003 | AUC=0.960 F1@0.5=0.058 P=0.030 R=0.689
00:53:31 val  014-4    N=58069 (cache 58069 OK) xcheck=58069 chg=0.008 | AUC=0.979 F1@0.5=0.121 P=0.064 R=1.000
00:53:31 val  014-5    N=56295 (cache 56295 OK) xcheck=56295 chg=0.011 | AUC=0.974 F1@0.5=0.298 P=0.187 R=0.725
00:53:31 val  020-2    N=135408 (cache 135408 OK) xcheck=135408 chg=0.004 | AUC=0.855 F1@0.5=0.030 P=0.016 R=0.418
00:53:31 val  020-3    N=132798 (cache 132798 OK) xcheck=132798 chg=0.036 | AUC=0.793 F1@0.5=0.257 P=0.169 R=0.540
00:53:31 val  020-4    N=150140 (cache 150140 OK) xcheck=150140 chg=0.058 | AUC=0.834 F1@0.5=0.290 P=0.223 R=0.416
00:53:31 val  045-2    N=71612 (cache 71612 OK) xcheck=71612 chg=0.002 | AUC=0.434 F1@0.5=0.000 P=0.000 R=0.000
00:53:31 val  045-3    N=73736 (cache 73736 OK) xcheck=73736 chg=0.001 | AUC=0.959 F1@0.5=0.013 P=0.007 R=0.250
00:53:31 val  045-4    N=78322 (cache 78322 OK) xcheck=78322 chg=0.101 | AUC=0.886 F1@0.5=0.541 P=0.465 R=0.648
00:53:31 val  047-2    N=96643 (cache 96643 OK) xcheck=96643 chg=0.003 | AUC=0.970 F1@0.5=0.082 P=0.043 R=0.950
00:53:31 val  047-3    N=115977 (cache 115977 OK) xcheck=115977 chg=0.001 | AUC=0.924 F1@0.5=0.012 P=0.006 R=0.516
00:53:31 val  047-5    N=123115 (cache 123115 OK) xcheck=123115 chg=0.010 | AUC=0.926 F1@0.5=0.140 P=0.082 R=0.496
00:53:31 val  048-2    N=210820 (cache 210820 OK) xcheck=210820 chg=0.002 | AUC=0.623 F1@0.5=0.001 P=0.001 R=0.012
00:53:31 val  048-3    N=218959 (cache 218959 OK) xcheck=218959 chg=0.003 | AUC=0.158 F1@0.5=0.003 P=0.001 R=0.015
00:53:31 val  048-4    N=230039 (cache 230039 OK) xcheck=230039 chg=0.003 | AUC=0.409 F1@0.5=0.000 P=0.000 R=0.000
00:53:31 val  048-5    N=226799 (cache 226799 OK) xcheck=226799 chg=0.005 | AUC=0.446 F1@0.5=0.000 P=0.000 R=0.000
00:53:31 val  059-3    N=127538 (cache 127538 OK) xcheck=127538 chg=0.004 | AUC=0.941 F1@0.5=0.092 P=0.052 R=0.413
00:53:31 val  064-2    N=101898 (cache 101898 OK) xcheck=101898 chg=0.002 | AUC=0.660 F1@0.5=0.000 P=0.000 R=0.000
00:53:32 val  064-3    N=95651 (cache 95651 OK) xcheck=95651 chg=0.029 | AUC=0.974 F1@0.5=0.369 P=0.231 R=0.905
00:53:32 val  064-4    N=92139 (cache 92139 OK) xcheck=92139 chg=0.007 | AUC=0.563 F1@0.5=0.000 P=0.000 R=0.000
00:53:32 val  064-5    N=111671 (cache 111671 OK) xcheck=111671 chg=0.033 | AUC=0.963 F1@0.5=0.379 P=0.241 R=0.884
00:53:32 val  068-2    N=105643 (cache 105643 OK) xcheck=105643 chg=0.003 | AUC=0.943 F1@0.5=0.000 P=0.000 R=0.000
00:53:32 val  068-3    N=111731 (cache 111731 OK) xcheck=111731 chg=0.001 | AUC=0.990 F1@0.5=0.047 P=0.024 R=1.000
00:53:32 val  068-4    N=114099 (cache 114099 OK) xcheck=114099 chg=0.003 | AUC=0.900 F1@0.5=0.126 P=0.075 R=0.397
00:53:32 val  068-5    N=118999 (cache 118999 OK) xcheck=118999 chg=0.006 | AUC=0.939 F1@0.5=0.218 P=0.141 R=0.488
00:53:32 val  076-2    N=73647 (cache 73647 OK) xcheck=73647 chg=0.009 | AUC=0.751 F1@0.5=0.055 P=0.030 R=0.349
00:53:32 val  076-3    N=73100 (cache 73100 OK) xcheck=73100 chg=0.007 | AUC=0.955 F1@0.5=0.074 P=0.039 R=0.996
00:53:32 val  076-5    N=100023 (cache 100023 OK) xcheck=100023 chg=0.020 | AUC=0.835 F1@0.5=0.231 P=0.141 R=0.632
00:53:32 val  083-2    N=123545 (cache 123545 OK) xcheck=123545 chg=0.000 | AUC=0.928 F1@0.5=0.000 P=0.000 R=0.000
00:53:32 val  083-3    N=136060 (cache 136060 OK) xcheck=136060 chg=0.016 | AUC=0.978 F1@0.5=0.218 P=0.123 R=0.961
00:53:32 val  083-4    N=121555 (cache 121555 OK) xcheck=121555 chg=0.009 | AUC=0.940 F1@0.5=0.114 P=0.062 R=0.818
00:53:32 val  083-5    N=119507 (cache 119507 OK) xcheck=119507 chg=0.024 | AUC=0.935 F1@0.5=0.241 P=0.140 R=0.861
00:53:32 val  115-3    N=122885 (cache 122885 OK) xcheck=122885 chg=0.004 | AUC=0.928 F1@0.5=0.093 P=0.064 R=0.164
00:53:32 val  115-4    N=106744 (cache 106744 OK) xcheck=106744 chg=0.005 | AUC=0.720 F1@0.5=0.057 P=0.043 R=0.082
00:53:32 val  115-5    N=126310 (cache 126310 OK) xcheck=126310 chg=0.003 | AUC=0.586 F1@0.5=0.000 P=0.000 R=0.000
00:53:32 val  133-2    N=47343 (cache 47343 OK) xcheck=47343 chg=0.036 | AUC=0.727 F1@0.5=0.128 P=0.086 R=0.248
00:53:32 val  133-3    N=49070 (cache 49070 OK) xcheck=49070 chg=0.006 | AUC=0.480 F1@0.5=0.000 P=0.000 R=0.000
00:53:32 val  133-4    N=35336 (cache 35336 OK) xcheck=35336 chg=0.045 | AUC=0.750 F1@0.5=0.025 P=0.070 R=0.015
00:53:32 val  133-5    N=48435 (cache 48435 OK) xcheck=48435 chg=0.083 | AUC=0.750 F1@0.5=0.116 P=0.271 R=0.074
00:53:32 val  140-2    N=75761 (cache 75761 OK) xcheck=75761 chg=0.000 | AUC=nan F1@0.5=0.000 P=0.000 R=0.000
00:53:32 val  140-3    N=90049 (cache 90049 OK) xcheck=90049 chg=0.001 | AUC=0.059 F1@0.5=0.000 P=0.000 R=0.000
00:53:32 val  154-2    N=121454 (cache 121454 OK) xcheck=121454 chg=0.002 | AUC=0.790 F1@0.5=0.000 P=0.000 R=0.000
00:53:33 val  154-3    N=149699 (cache 149699 OK) xcheck=149699 chg=0.002 | AUC=0.915 F1@0.5=0.015 P=0.008 R=0.316
00:53:33 val  154-4    N=121666 (cache 121666 OK) xcheck=121666 chg=0.014 | AUC=0.878 F1@0.5=0.062 P=0.038 R=0.175
00:53:33 val  154-5    N=155796 (cache 155796 OK) xcheck=155796 chg=0.011 | AUC=0.925 F1@0.5=0.120 P=0.073 R=0.330
00:53:33 val  172-2    N=52535 (cache 52535 OK) xcheck=52535 chg=0.000 | AUC=nan F1@0.5=0.000 P=0.000 R=0.000
00:53:33 val  172-3    N=64673 (cache 64673 OK) xcheck=64673 chg=0.018 | AUC=0.899 F1@0.5=0.171 P=0.103 R=0.494
00:53:33 val  172-4    N=66296 (cache 66296 OK) xcheck=66296 chg=0.061 | AUC=0.966 F1@0.5=0.569 P=0.409 R=0.936
00:53:33 val  172-5    N=64764 (cache 64764 OK) xcheck=64764 chg=0.073 | AUC=0.962 F1@0.5=0.570 P=0.419 R=0.890
00:53:33 val  178-2    N=94207 (cache 94207 OK) xcheck=94207 chg=0.015 | AUC=0.711 F1@0.5=0.027 P=0.022 R=0.033
00:53:33 val  178-3    N=94285 (cache 94285 OK) xcheck=94285 chg=0.004 | AUC=0.927 F1@0.5=0.028 P=0.015 R=0.171
00:53:33 val  178-4    N=90476 (cache 90476 OK) xcheck=90476 chg=0.023 | AUC=0.808 F1@0.5=0.293 P=0.301 R=0.285
00:53:33 val  178-5    N=91002 (cache 91002 OK) xcheck=91002 chg=0.041 | AUC=0.920 F1@0.5=0.456 P=0.458 R=0.454
00:53:33 val  183-2    N=64107 (cache 64107 OK) xcheck=64107 chg=0.001 | AUC=0.986 F1@0.5=0.016 P=0.008 R=0.923
00:53:33 val  183-3    N=81072 (cache 81072 OK) xcheck=81072 chg=0.014 | AUC=0.908 F1@0.5=0.149 P=0.086 R=0.566
00:53:33 val  183-4    N=70055 (cache 70055 OK) xcheck=70055 chg=0.017 | AUC=0.768 F1@0.5=0.029 P=0.017 R=0.123
00:53:33 val  183-5    N=79649 (cache 79649 OK) xcheck=79649 chg=0.022 | AUC=0.924 F1@0.5=0.225 P=0.132 R=0.748
00:53:33 val  187-2    N=75403 (cache 75403 OK) xcheck=75403 chg=0.015 | AUC=0.902 F1@0.5=0.308 P=0.310 R=0.306
00:53:33 val  187-3    N=76320 (cache 76320 OK) xcheck=76320 chg=0.006 | AUC=0.972 F1@0.5=0.158 P=0.093 R=0.509
00:53:33 val  187-4    N=64839 (cache 64839 OK) xcheck=64839 chg=0.021 | AUC=0.873 F1@0.5=0.149 P=0.172 R=0.131
00:53:33 val  187-5    N=80597 (cache 80597 OK) xcheck=80597 chg=0.019 | AUC=0.941 F1@0.5=0.139 P=0.152 R=0.128
00:53:33 val  189-2    N=102100 (cache 102100 OK) xcheck=102100 chg=0.008 | AUC=0.938 F1@0.5=0.000 P=0.000 R=0.000
00:53:33 val  189-3    N=104340 (cache 104340 OK) xcheck=104340 chg=0.005 | AUC=0.999 F1@0.5=0.302 P=0.178 R=1.000
00:53:33 val  189-4    N=98152 (cache 98152 OK) xcheck=98152 chg=0.008 | AUC=0.958 F1@0.5=0.440 P=0.338 R=0.630
00:53:33 val  189-5    N=113111 (cache 113111 OK) xcheck=113111 chg=0.018 | AUC=0.985 F1@0.5=0.616 P=0.493 R=0.820
00:53:33 val  202-2    N=110347 (cache 110347 OK) xcheck=110347 chg=0.013 | AUC=0.793 F1@0.5=0.055 P=0.030 R=0.322
00:53:33 val  202-3    N=104028 (cache 104028 OK) xcheck=104028 chg=0.002 | AUC=0.981 F1@0.5=0.101 P=0.054 R=0.793
00:53:33 val  202-4    N=109424 (cache 109424 OK) xcheck=109424 chg=0.068 | AUC=0.876 F1@0.5=0.358 P=0.352 R=0.363
00:53:33 val  202-5    N=94786 (cache 94786 OK) xcheck=94786 chg=0.082 | AUC=0.919 F1@0.5=0.516 P=0.449 R=0.607
00:53:34 val  211-2    N=93055 (cache 93055 OK) xcheck=93055 chg=0.002 | AUC=0.944 F1@0.5=0.053 P=0.028 R=0.404
00:53:34 val  211-3    N=85773 (cache 85773 OK) xcheck=85773 chg=0.000 | AUC=nan F1@0.5=0.000 P=0.000 R=0.000
00:53:34 val  211-4    N=87637 (cache 87637 OK) xcheck=87637 chg=0.003 | AUC=0.990 F1@0.5=0.115 P=0.061 R=0.983
00:53:34 val  211-5    N=94849 (cache 94849 OK) xcheck=94849 chg=0.006 | AUC=0.963 F1@0.5=0.138 P=0.077 R=0.715
00:53:34 val  220-2    N=68027 (cache 68027 OK) xcheck=68027 chg=0.000 | AUC=nan F1@0.5=0.000 P=0.000 R=0.000
00:53:34 val  220-3    N=63876 (cache 63876 OK) xcheck=63876 chg=0.013 | AUC=0.951 F1@0.5=0.255 P=0.153 R=0.764
00:53:34 val  220-4    N=79747 (cache 79747 OK) xcheck=79747 chg=0.062 | AUC=0.968 F1@0.5=0.478 P=0.324 R=0.910
00:53:34 val  220-5    N=80416 (cache 80416 OK) xcheck=80416 chg=0.077 | AUC=0.974 F1@0.5=0.531 P=0.365 R=0.974
00:55:23 test 009-2    N=61508 (cache 61508 OK) xcheck=61508 chg=0.000 | AUC=nan F1@0.5=0.000 P=0.000 R=0.000
00:55:23 test 009-3    N=56768 (cache 56768 OK) xcheck=56768 chg=0.004 | AUC=0.856 F1@0.5=0.033 P=0.017 R=0.332
00:55:23 test 009-4    N=75073 (cache 75073 OK) xcheck=75073 chg=0.004 | AUC=0.701 F1@0.5=0.001 P=0.000 R=0.007
00:55:23 test 009-5    N=59424 (cache 59424 OK) xcheck=59424 chg=0.009 | AUC=0.783 F1@0.5=0.045 P=0.023 R=0.553
00:55:23 test 017-2    N=101198 (cache 101198 OK) xcheck=101198 chg=0.000 | AUC=nan F1@0.5=0.000 P=0.000 R=0.000
00:55:23 test 017-3    N=99171 (cache 99171 OK) xcheck=99171 chg=0.027 | AUC=0.811 F1@0.5=0.173 P=0.132 R=0.250
00:55:23 test 017-4    N=89170 (cache 89170 OK) xcheck=89170 chg=0.002 | AUC=0.930 F1@0.5=0.010 P=0.005 R=0.098
00:55:23 test 017-5    N=98218 (cache 98218 OK) xcheck=98218 chg=0.004 | AUC=0.894 F1@0.5=0.089 P=0.050 R=0.407
00:55:23 test 018-2    N=198639 (cache 198639 OK) xcheck=198639 chg=0.000 | AUC=nan F1@0.5=0.000 P=0.000 R=0.000
00:55:23 test 018-3    N=202230 (cache 202230 OK) xcheck=202230 chg=0.021 | AUC=0.698 F1@0.5=0.081 P=0.199 R=0.051
00:55:23 test 018-4    N=242224 (cache 242224 OK) xcheck=242224 chg=0.002 | AUC=0.466 F1@0.5=0.000 P=0.000 R=0.000
00:55:23 test 018-5    N=237330 (cache 237330 OK) xcheck=237330 chg=0.007 | AUC=0.564 F1@0.5=0.000 P=0.000 R=0.000
00:55:23 test 019-2    N=64889 (cache 64889 OK) xcheck=64889 chg=0.005 | AUC=0.939 F1@0.5=0.073 P=0.039 R=0.557
00:55:23 test 019-3    N=63654 (cache 63654 OK) xcheck=63654 chg=0.017 | AUC=0.665 F1@0.5=0.000 P=0.000 R=0.000
00:55:23 test 019-4    N=63780 (cache 63780 OK) xcheck=63780 chg=0.003 | AUC=0.927 F1@0.5=0.059 P=0.030 R=0.776
00:55:23 test 019-5    N=72113 (cache 72113 OK) xcheck=72113 chg=0.016 | AUC=0.827 F1@0.5=0.102 P=0.064 R=0.244
00:55:23 test 023-2    N=208496 (cache 208496 OK) xcheck=208496 chg=0.005 | AUC=0.731 F1@0.5=0.026 P=0.014 R=0.130
00:55:24 test 023-3    N=238419 (cache 238419 OK) xcheck=238419 chg=0.017 | AUC=0.989 F1@0.5=0.464 P=0.310 R=0.922
00:55:24 test 023-4    N=247383 (cache 247383 OK) xcheck=247383 chg=0.019 | AUC=0.980 F1@0.5=0.319 P=0.193 R=0.914
00:55:24 test 023-5    N=266160 (cache 266160 OK) xcheck=266160 chg=0.044 | AUC=0.958 F1@0.5=0.528 P=0.401 R=0.771
00:55:24 test 026-2    N=85235 (cache 85235 OK) xcheck=85235 chg=0.000 | AUC=nan F1@0.5=0.000 P=0.000 R=0.000
00:55:24 test 026-3    N=72327 (cache 72327 OK) xcheck=72327 chg=0.002 | AUC=0.957 F1@0.5=0.055 P=0.029 R=0.973
00:55:24 test 026-4    N=77469 (cache 77469 OK) xcheck=77469 chg=0.007 | AUC=0.823 F1@0.5=0.060 P=0.033 R=0.317
00:55:24 test 026-5    N=82172 (cache 82172 OK) xcheck=82172 chg=0.004 | AUC=0.951 F1@0.5=0.083 P=0.044 R=0.773
00:55:24 test 027-2    N=93230 (cache 93230 OK) xcheck=93230 chg=0.017 | AUC=0.549 F1@0.5=0.000 P=0.000 R=0.000
00:55:24 test 027-3    N=90437 (cache 90437 OK) xcheck=90437 chg=0.011 | AUC=0.988 F1@0.5=0.189 P=0.104 R=0.987
00:55:24 test 027-4    N=100904 (cache 100904 OK) xcheck=100904 chg=0.006 | AUC=0.966 F1@0.5=0.142 P=0.079 R=0.679
00:55:24 test 035-2    N=74934 (cache 74934 OK) xcheck=74934 chg=0.010 | AUC=0.989 F1@0.5=0.215 P=0.121 R=0.972
00:55:24 test 035-3    N=102558 (cache 102558 OK) xcheck=102558 chg=0.072 | AUC=0.970 F1@0.5=0.637 P=0.533 R=0.790
00:55:24 test 035-4    N=98422 (cache 98422 OK) xcheck=98422 chg=0.015 | AUC=0.873 F1@0.5=0.300 P=0.271 R=0.335
00:55:24 test 035-5    N=103171 (cache 103171 OK) xcheck=103171 chg=0.069 | AUC=0.945 F1@0.5=0.551 P=0.408 R=0.850
00:55:24 test 036-2    N=167802 (cache 167802 OK) xcheck=167802 chg=0.005 | AUC=0.495 F1@0.5=0.170 P=0.115 R=0.324
00:55:24 test 036-3    N=147814 (cache 147814 OK) xcheck=147814 chg=0.007 | AUC=0.998 F1@0.5=0.437 P=0.280 R=1.000
00:55:24 test 036-4    N=151218 (cache 151218 OK) xcheck=151218 chg=0.030 | AUC=0.898 F1@0.5=0.443 P=0.338 R=0.640
00:55:24 test 036-5    N=155858 (cache 155858 OK) xcheck=155858 chg=0.034 | AUC=0.792 F1@0.5=0.455 P=0.368 R=0.596
00:55:24 test 039-2    N=154177 (cache 154177 OK) xcheck=154177 chg=0.006 | AUC=0.945 F1@0.5=0.154 P=0.090 R=0.547
00:55:24 test 039-5    N=164569 (cache 164569 OK) xcheck=164569 chg=0.073 | AUC=0.900 F1@0.5=0.449 P=0.377 R=0.556
00:55:25 test 040-3    N=282613 (cache 282613 OK) xcheck=282613 chg=0.014 | AUC=0.909 F1@0.5=0.274 P=0.169 R=0.721
00:55:25 test 040-4    N=277978 (cache 277978 OK) xcheck=277978 chg=0.057 | AUC=0.906 F1@0.5=0.459 P=0.349 R=0.669
00:55:25 test 040-5    N=269900 (cache 269900 OK) xcheck=269900 chg=0.068 | AUC=0.924 F1@0.5=0.496 P=0.376 R=0.728
00:55:25 test 041-2    N=56643 (cache 56643 OK) xcheck=56643 chg=0.020 | AUC=0.830 F1@0.5=0.179 P=0.275 R=0.133
00:55:25 test 041-3    N=61573 (cache 61573 OK) xcheck=61573 chg=0.044 | AUC=0.994 F1@0.5=0.478 P=0.314 R=1.000
00:55:25 test 041-4    N=57601 (cache 57601 OK) xcheck=57601 chg=0.026 | AUC=0.982 F1@0.5=0.349 P=0.214 R=0.951
00:55:25 test 041-5    N=62375 (cache 62375 OK) xcheck=62375 chg=0.094 | AUC=0.960 F1@0.5=0.627 P=0.508 R=0.820
00:55:25 test 046-2    N=77971 (cache 77971 OK) xcheck=77971 chg=0.001 | AUC=0.920 F1@0.5=0.007 P=0.004 R=0.111
00:55:25 test 046-3    N=78579 (cache 78579 OK) xcheck=78579 chg=0.011 | AUC=0.948 F1@0.5=0.230 P=0.144 R=0.568
00:55:25 test 046-4    N=71061 (cache 71061 OK) xcheck=71061 chg=0.002 | AUC=0.838 F1@0.5=0.012 P=0.006 R=0.269
00:55:25 test 046-5    N=67519 (cache 67519 OK) xcheck=67519 chg=0.018 | AUC=0.934 F1@0.5=0.278 P=0.191 R=0.514
00:55:25 test 049-2    N=148058 (cache 148058 OK) xcheck=148058 chg=0.003 | AUC=0.935 F1@0.5=0.070 P=0.038 R=0.401
00:55:25 test 049-5    N=162691 (cache 162691 OK) xcheck=162691 chg=0.005 | AUC=0.980 F1@0.5=0.228 P=0.133 R=0.802
00:55:25 test 053-2    N=304383 (cache 304383 OK) xcheck=304383 chg=0.000 | AUC=nan F1@0.5=0.000 P=0.000 R=0.000
00:55:25 test 053-3    N=312314 (cache 312314 OK) xcheck=312314 chg=0.015 | AUC=0.971 F1@0.5=0.348 P=0.222 R=0.799
00:55:25 test 053-4    N=299755 (cache 299755 OK) xcheck=299755 chg=0.028 | AUC=0.939 F1@0.5=0.373 P=0.245 R=0.783
00:55:26 test 053-5    N=301047 (cache 301047 OK) xcheck=301047 chg=0.032 | AUC=0.968 F1@0.5=0.443 P=0.299 R=0.853
00:55:26 test 055-2    N=92714 (cache 92714 OK) xcheck=92714 chg=0.004 | AUC=0.940 F1@0.5=0.079 P=0.042 R=0.769
00:55:26 test 055-4    N=85113 (cache 85113 OK) xcheck=85113 chg=0.005 | AUC=0.878 F1@0.5=0.069 P=0.037 R=0.644
00:55:26 test 055-5    N=87859 (cache 87859 OK) xcheck=87859 chg=0.009 | AUC=0.905 F1@0.5=0.152 P=0.086 R=0.674
00:55:26 test 065-2    N=54020 (cache 54020 OK) xcheck=54020 chg=0.000 | AUC=0.272 F1@0.5=0.000 P=0.000 R=0.000
00:55:26 test 065-3    N=58220 (cache 58220 OK) xcheck=58220 chg=0.008 | AUC=0.848 F1@0.5=0.000 P=0.000 R=0.000
00:55:26 test 065-4    N=56762 (cache 56762 OK) xcheck=56762 chg=0.001 | AUC=0.170 F1@0.5=0.000 P=0.000 R=0.000
00:55:26 test 065-5    N=56343 (cache 56343 OK) xcheck=56343 chg=0.009 | AUC=0.911 F1@0.5=0.191 P=0.156 R=0.247
00:55:26 test 067-2    N=160533 (cache 160533 OK) xcheck=160533 chg=0.000 | AUC=nan F1@0.5=0.000 P=0.000 R=0.000
00:55:26 test 067-4    N=169239 (cache 169239 OK) xcheck=169239 chg=0.019 | AUC=0.956 F1@0.5=0.270 P=0.164 R=0.771
00:55:26 test 067-5    N=194913 (cache 194913 OK) xcheck=194913 chg=0.016 | AUC=0.966 F1@0.5=0.273 P=0.162 R=0.883
00:55:26 test 071-2    N=316378 (cache 316378 OK) xcheck=316378 chg=0.009 | AUC=0.914 F1@0.5=0.116 P=0.065 R=0.576
00:55:26 test 071-3    N=324895 (cache 324895 OK) xcheck=324895 chg=0.002 | AUC=0.734 F1@0.5=0.004 P=0.002 R=0.102
00:55:26 test 071-4    N=310519 (cache 310519 OK) xcheck=310519 chg=0.047 | AUC=0.936 F1@0.5=0.451 P=0.319 R=0.767
00:55:27 test 071-5    N=319535 (cache 319535 OK) xcheck=319535 chg=0.044 | AUC=0.911 F1@0.5=0.390 P=0.276 R=0.662
00:55:27 test 085-2    N=93259 (cache 93259 OK) xcheck=93259 chg=0.003 | AUC=0.962 F1@0.5=0.058 P=0.030 R=0.768
00:55:27 test 085-3    N=100300 (cache 100300 OK) xcheck=100300 chg=0.020 | AUC=0.929 F1@0.5=0.227 P=0.143 R=0.556
00:55:27 test 085-4    N=104322 (cache 104322 OK) xcheck=104322 chg=0.303 | AUC=0.971 F1@0.5=0.784 P=0.952 R=0.666
00:55:27 test 085-5    N=117449 (cache 117449 OK) xcheck=117449 chg=0.260 | AUC=0.966 F1@0.5=0.835 P=0.809 R=0.862
00:55:27 test 106-2    N=66904 (cache 66904 OK) xcheck=66904 chg=0.034 | AUC=0.709 F1@0.5=0.028 P=0.021 R=0.043
00:55:27 test 106-3    N=70965 (cache 70965 OK) xcheck=70965 chg=0.027 | AUC=0.756 F1@0.5=0.063 P=0.043 R=0.119
00:55:27 test 106-4    N=75155 (cache 75155 OK) xcheck=75155 chg=0.029 | AUC=0.628 F1@0.5=0.029 P=0.030 R=0.028
00:55:27 test 106-5    N=67337 (cache 67337 OK) xcheck=67337 chg=0.049 | AUC=0.716 F1@0.5=0.085 P=0.075 R=0.099
00:55:27 test 111-2    N=102272 (cache 102272 OK) xcheck=102272 chg=0.000 | AUC=nan F1@0.5=0.000 P=0.000 R=0.000
00:55:27 test 111-3    N=104394 (cache 104394 OK) xcheck=104394 chg=0.019 | AUC=0.997 F1@0.5=0.289 P=0.169 R=1.000
00:55:27 test 111-4    N=103645 (cache 103645 OK) xcheck=103645 chg=0.021 | AUC=0.966 F1@0.5=0.334 P=0.212 R=0.787
00:55:27 test 111-5    N=128537 (cache 128537 OK) xcheck=128537 chg=0.030 | AUC=0.981 F1@0.5=0.446 P=0.298 R=0.891
00:55:27 test 119-2    N=79312 (cache 79312 OK) xcheck=79312 chg=0.001 | AUC=0.822 F1@0.5=0.007 P=0.004 R=0.154
00:55:27 test 119-3    N=72622 (cache 72622 OK) xcheck=72622 chg=0.012 | AUC=0.915 F1@0.5=0.102 P=0.066 R=0.229
00:55:27 test 119-4    N=77498 (cache 77498 OK) xcheck=77498 chg=0.030 | AUC=0.938 F1@0.5=0.362 P=0.248 R=0.667
00:55:27 test 119-5    N=77915 (cache 77915 OK) xcheck=77915 chg=0.045 | AUC=0.931 F1@0.5=0.479 P=0.412 R=0.574
00:55:27 test 120-2    N=135502 (cache 135502 OK) xcheck=135502 chg=0.007 | AUC=0.765 F1@0.5=0.007 P=0.004 R=0.022
00:55:27 test 120-3    N=131968 (cache 131968 OK) xcheck=131968 chg=0.012 | AUC=0.993 F1@0.5=0.350 P=0.213 R=0.976
00:55:27 test 120-4    N=151062 (cache 151062 OK) xcheck=151062 chg=0.020 | AUC=0.875 F1@0.5=0.218 P=0.157 R=0.361
00:55:27 test 120-5    N=135797 (cache 135797 OK) xcheck=135797 chg=0.038 | AUC=0.886 F1@0.5=0.335 P=0.319 R=0.354
00:55:27 test 123-2    N=62346 (cache 62346 OK) xcheck=62346 chg=0.000 | AUC=0.868 F1@0.5=0.002 P=0.001 R=0.750
00:55:27 test 123-3    N=64323 (cache 64323 OK) xcheck=64323 chg=0.005 | AUC=0.986 F1@0.5=0.065 P=0.033 R=1.000
00:55:27 test 123-4    N=64036 (cache 64036 OK) xcheck=64036 chg=0.014 | AUC=0.738 F1@0.5=0.138 P=0.085 R=0.367
00:55:27 test 123-5    N=62612 (cache 62612 OK) xcheck=62612 chg=0.016 | AUC=0.894 F1@0.5=0.219 P=0.136 R=0.574
00:55:28 test 147-2    N=95182 (cache 95182 OK) xcheck=95182 chg=0.014 | AUC=0.683 F1@0.5=0.015 P=0.010 R=0.025
00:55:28 test 147-3    N=120938 (cache 120938 OK) xcheck=120938 chg=0.015 | AUC=0.927 F1@0.5=0.194 P=0.122 R=0.473
00:55:28 test 147-4    N=104749 (cache 104749 OK) xcheck=104749 chg=0.038 | AUC=0.847 F1@0.5=0.362 P=0.350 R=0.374
00:55:28 test 147-5    N=112934 (cache 112934 OK) xcheck=112934 chg=0.018 | AUC=0.669 F1@0.5=0.135 P=0.099 R=0.212
00:55:28 test 148-2    N=67936 (cache 67936 OK) xcheck=67936 chg=0.001 | AUC=0.959 F1@0.5=0.025 P=0.013 R=0.729
00:55:28 test 148-3    N=82277 (cache 82277 OK) xcheck=82277 chg=0.001 | AUC=0.914 F1@0.5=0.009 P=0.004 R=0.574
00:55:28 test 148-4    N=85006 (cache 85006 OK) xcheck=85006 chg=0.013 | AUC=0.985 F1@0.5=0.225 P=0.127 R=0.966
00:55:28 test 148-5    N=77488 (cache 77488 OK) xcheck=77488 chg=0.019 | AUC=0.949 F1@0.5=0.276 P=0.167 R=0.806
00:55:28 test 151-2    N=122036 (cache 122036 OK) xcheck=122036 chg=0.020 | AUC=0.869 F1@0.5=0.249 P=0.176 R=0.427
00:55:28 test 151-3    N=128829 (cache 128829 OK) xcheck=128829 chg=0.001 | AUC=0.877 F1@0.5=0.007 P=0.003 R=0.467
00:55:28 test 151-4    N=128972 (cache 128972 OK) xcheck=128972 chg=0.003 | AUC=0.989 F1@0.5=0.144 P=0.078 R=0.945
00:55:28 test 151-5    N=136546 (cache 136546 OK) xcheck=136546 chg=0.020 | AUC=0.833 F1@0.5=0.177 P=0.136 R=0.253
00:55:28 test 152-2    N=101059 (cache 101059 OK) xcheck=101059 chg=0.006 | AUC=0.835 F1@0.5=0.023 P=0.013 R=0.102
00:55:28 test 152-3    N=104503 (cache 104503 OK) xcheck=104503 chg=0.007 | AUC=0.741 F1@0.5=0.000 P=0.000 R=0.000
00:55:28 test 152-4    N=96662 (cache 96662 OK) xcheck=96662 chg=0.018 | AUC=0.918 F1@0.5=0.087 P=0.069 R=0.120
00:55:28 test 152-5    N=104491 (cache 104491 OK) xcheck=104491 chg=0.026 | AUC=0.889 F1@0.5=0.143 P=0.106 R=0.222
00:55:28 test 153-4    N=75291 (cache 75291 OK) xcheck=75291 chg=0.010 | AUC=0.856 F1@0.5=0.049 P=0.026 R=0.368
00:55:28 test 153-5    N=90440 (cache 90440 OK) xcheck=90440 chg=0.035 | AUC=0.901 F1@0.5=0.281 P=0.175 R=0.717
00:55:28 test 175-2    N=64969 (cache 64969 OK) xcheck=64969 chg=0.006 | AUC=0.830 F1@0.5=0.005 P=0.003 R=0.015
00:55:28 test 175-3    N=73915 (cache 73915 OK) xcheck=73915 chg=0.008 | AUC=0.999 F1@0.5=0.145 P=0.078 R=1.000
00:55:28 test 175-4    N=75080 (cache 75080 OK) xcheck=75080 chg=0.044 | AUC=0.967 F1@0.5=0.399 P=0.254 R=0.934
00:55:28 test 177-2    N=31647 (cache 31647 OK) xcheck=31647 chg=0.002 | AUC=0.784 F1@0.5=0.000 P=0.000 R=0.000
00:55:28 test 177-3    N=36990 (cache 36990 OK) xcheck=36990 chg=0.006 | AUC=0.887 F1@0.5=0.096 P=0.057 R=0.301
00:55:28 test 177-4    N=38872 (cache 38872 OK) xcheck=38872 chg=0.004 | AUC=0.875 F1@0.5=0.115 P=0.088 R=0.164
00:55:28 test 177-5    N=43632 (cache 43632 OK) xcheck=43632 chg=0.008 | AUC=0.939 F1@0.5=0.144 P=0.093 R=0.324
00:55:28 test 190-2    N=228897 (cache 228897 OK) xcheck=228897 chg=0.006 | AUC=0.615 F1@0.5=0.173 P=0.125 R=0.284
00:55:29 test 190-3    N=219197 (cache 219197 OK) xcheck=219197 chg=0.014 | AUC=0.977 F1@0.5=0.611 P=0.470 R=0.872
00:55:29 test 190-4    N=258749 (cache 258749 OK) xcheck=258749 chg=0.222 | AUC=0.704 F1@0.5=0.238 P=0.725 R=0.142
00:55:29 test 190-5    N=230686 (cache 230686 OK) xcheck=230686 chg=0.232 | AUC=0.736 F1@0.5=0.343 P=0.745 R=0.223
00:55:29 test 191-2    N=95762 (cache 95762 OK) xcheck=95762 chg=0.003 | AUC=0.996 F1@0.5=0.231 P=0.131 R=0.973
00:55:29 test 191-3    N=108006 (cache 108006 OK) xcheck=108006 chg=0.001 | AUC=0.865 F1@0.5=0.002 P=0.001 R=0.067
00:55:29 test 191-4    N=103067 (cache 103067 OK) xcheck=103067 chg=0.011 | AUC=0.936 F1@0.5=0.273 P=0.182 R=0.541
00:55:29 test 191-5    N=119644 (cache 119644 OK) xcheck=119644 chg=0.005 | AUC=0.967 F1@0.5=0.051 P=0.026 R=1.000
00:55:29 test 196-2    N=70429 (cache 70429 OK) xcheck=70429 chg=0.000 | AUC=nan F1@0.5=0.000 P=0.000 R=0.000
00:55:29 test 196-3    N=82246 (cache 82246 OK) xcheck=82246 chg=0.027 | AUC=0.980 F1@0.5=0.373 P=0.230 R=0.983
00:55:29 test 196-4    N=79011 (cache 79011 OK) xcheck=79011 chg=0.039 | AUC=0.925 F1@0.5=0.359 P=0.254 R=0.613
00:55:29 test 196-5    N=103000 (cache 103000 OK) xcheck=103000 chg=0.062 | AUC=0.951 F1@0.5=0.469 P=0.312 R=0.946
00:55:29 test 197-2    N=103902 (cache 103902 OK) xcheck=103902 chg=0.000 | AUC=0.781 F1@0.5=0.000 P=0.000 R=0.000
00:55:29 test 197-3    N=98673 (cache 98673 OK) xcheck=98673 chg=0.003 | AUC=0.997 F1@0.5=0.230 P=0.131 R=0.966
00:55:29 test 197-4    N=96762 (cache 96762 OK) xcheck=96762 chg=0.010 | AUC=0.913 F1@0.5=0.278 P=0.175 R=0.682
00:55:29 test 197-5    N=122383 (cache 122383 OK) xcheck=122383 chg=0.014 | AUC=0.938 F1@0.5=0.331 P=0.223 R=0.645
00:55:29 test 198-3    N=145104 (cache 145104 OK) xcheck=145104 chg=0.073 | AUC=0.827 F1@0.5=0.430 P=0.387 R=0.486
00:55:29 test 198-4    N=164533 (cache 164533 OK) xcheck=164533 chg=0.113 | AUC=0.877 F1@0.5=0.589 P=0.523 R=0.675
00:55:29 test 198-5    N=158470 (cache 158470 OK) xcheck=158470 chg=0.139 | AUC=0.947 F1@0.5=0.697 P=0.655 R=0.744
00:55:29 test 212-2    N=105349 (cache 105349 OK) xcheck=105349 chg=0.012 | AUC=0.937 F1@0.5=0.213 P=0.123 R=0.782
00:55:30 test 212-3    N=95165 (cache 95165 OK) xcheck=95165 chg=0.001 | AUC=0.998 F1@0.5=0.055 P=0.028 R=1.000
00:55:30 test 212-4    N=106672 (cache 106672 OK) xcheck=106672 chg=0.002 | AUC=0.882 F1@0.5=0.007 P=0.003 R=0.083
00:55:30 test 212-5    N=107577 (cache 107577 OK) xcheck=107577 chg=0.014 | AUC=0.924 F1@0.5=0.301 P=0.201 R=0.601
00:55:30 test 216-2    N=64436 (cache 64436 OK) xcheck=64436 chg=0.003 | AUC=0.934 F1@0.5=0.000 P=0.000 R=0.000
00:55:30 test 216-3    N=61493 (cache 61493 OK) xcheck=61493 chg=0.002 | AUC=0.983 F1@0.5=0.226 P=0.148 R=0.485
00:55:30 test 216-4    N=65652 (cache 65652 OK) xcheck=65652 chg=0.001 | AUC=0.888 F1@0.5=0.000 P=0.000 R=0.000
00:55:30 test 216-5    N=66564 (cache 66564 OK) xcheck=66564 chg=0.003 | AUC=0.945 F1@0.5=0.025 P=0.029 R=0.023
00:55:30 test 218-2    N=102100 (cache 102100 OK) xcheck=102100 chg=0.001 | AUC=0.971 F1@0.5=0.056 P=0.036 R=0.135
00:55:30 test 218-3    N=104340 (cache 104340 OK) xcheck=104340 chg=0.005 | AUC=0.997 F1@0.5=0.291 P=0.171 R=0.998
00:55:30 test 218-4    N=98152 (cache 98152 OK) xcheck=98152 chg=0.008 | AUC=0.966 F1@0.5=0.397 P=0.277 R=0.701
00:55:30 test 218-5    N=113112 (cache 113112 OK) xcheck=113112 chg=0.014 | AUC=0.991 F1@0.5=0.478 P=0.318 R=0.958
00:55:30 test 221-2    N=111301 (cache 111301 OK) xcheck=111301 chg=0.001 | AUC=0.884 F1@0.5=0.000 P=0.000 R=0.000
00:55:30 test 221-3    N=125072 (cache 125072 OK) xcheck=125072 chg=0.002 | AUC=0.994 F1@0.5=0.208 P=0.117 R=0.915
00:55:30 test 221-4    N=114725 (cache 114725 OK) xcheck=114725 chg=0.007 | AUC=0.995 F1@0.5=0.321 P=0.191 R=1.000
00:55:30 test 221-5    N=132061 (cache 132061 OK) xcheck=132061 chg=0.009 | AUC=0.995 F1@0.5=0.404 P=0.256 R=0.961
00:55:30 test 222-2    N=126364 (cache 126364 OK) xcheck=126364 chg=0.001 | AUC=0.849 F1@0.5=0.000 P=0.000 R=0.000
00:55:30 test 222-3    N=123892 (cache 123892 OK) xcheck=123892 chg=0.002 | AUC=0.994 F1@0.5=0.035 P=0.018 R=1.000
00:55:30 test 222-4    N=140447 (cache 140447 OK) xcheck=140447 chg=0.007 | AUC=0.906 F1@0.5=0.171 P=0.098 R=0.647
00:55:30 test 222-5    N=143030 (cache 143030 OK) xcheck=143030 chg=0.006 | AUC=0.978 F1@0.5=0.150 P=0.082 R=0.858
00:55:30 test 227-2    N=44010 (cache 44010 OK) xcheck=44010 chg=0.021 | AUC=0.635 F1@0.5=0.109 P=0.110 R=0.109
00:55:30 test 227-3    N=59217 (cache 59217 OK) xcheck=59217 chg=0.066 | AUC=0.690 F1@0.5=0.538 P=0.638 R=0.465
00:55:30 test 227-4    N=73766 (cache 73766 OK) xcheck=73766 chg=0.092 | AUC=0.912 F1@0.5=0.542 P=0.462 R=0.656
00:55:30 test 227-5    N=75512 (cache 75512 OK) xcheck=75512 chg=0.140 | AUC=0.796 F1@0.5=0.523 P=0.491 R=0.559
00:55:30 
00:55:30 Verifying Section 8 schema and N == sum(count_t1) on all written files...
00:55:33 Schema + N + cross-checks passed for 238 scene files.
00:55:33 Done.
