19:46:22 training: model=siamese_pointnet2 dataset=hkcd (fixed_n=True)
19:46:22 device=cuda | epochs=60 batch=4 lr=0.001 cosine T_max=60 seed=42 workers=2
19:46:22 recipe: Adam + CosineAnnealingLR, weighted CE, train/val FPS random (Section 7)
19:46:22 cudnn nondeterminism left ON for speed (train FPS is random by design anyway)
19:46:22 FPS device: model device (GPU-FPS, raw_mode loaders)
19:46:22 grid subsample (dl0): 1.50 m before FPS (GPU-FPS only)
19:46:22 class counts (train, full-res t1): unchanged=42744465 changed=4390743 total=47135208 change_ratio=0.0932
19:46:22 class weights (balanced inverse freq, w=N/(2*n_c)): unchanged=0.551360 changed=5.367566
19:46:29 loaders: train cubes=2587 val cubes=180
19:46:30 RESUMED from predictions/hkcd/siamese_pointnet2/last.pt: completed epoch 48 -> continue at 49/60 (best val_f1=0.6741 @ep33)
19:46:30 
19:46:30 starting training... epochs 49..60  (stop after 7.50 h, then --resume)
19:55:35 epoch 49/60 | train_loss=0.2635 | val F1@0.5=0.6343 | val bestF1=0.6461 @tau=0.65 | lr=8.07e-05 | 545.5s
20:04:23 epoch 50/60 | train_loss=0.2596 | val F1@0.5=0.6288 | val bestF1=0.6384 @tau=0.65 | lr=6.70e-05 | 527.9s
20:12:57 epoch 51/60 | train_loss=0.2594 | val F1@0.5=0.6197 | val bestF1=0.6370 @tau=0.70 | lr=5.45e-05 | 513.6s
20:21:34 epoch 52/60 | train_loss=0.2594 | val F1@0.5=0.6330 | val bestF1=0.6390 @tau=0.60 | lr=4.32e-05 | 517.3s
20:30:04 epoch 53/60 | train_loss=0.2628 | val F1@0.5=0.6322 | val bestF1=0.6571 @tau=0.75 | lr=3.32e-05 | 509.9s
20:38:45 epoch 54/60 | train_loss=0.2550 | val F1@0.5=0.6171 | val bestF1=0.6285 @tau=0.70 | lr=2.45e-05 | 520.8s
20:47:18 epoch 55/60 | train_loss=0.2557 | val F1@0.5=0.6248 | val bestF1=0.6350 @tau=0.65 | lr=1.70e-05 | 512.5s
20:55:47 epoch 56/60 | train_loss=0.2585 | val F1@0.5=0.6649 | val bestF1=0.6753 @tau=0.65 | lr=1.09e-05 | 509.2s
21:04:24 epoch 57/60 | train_loss=0.2554 | val F1@0.5=0.6232 | val bestF1=0.6435 @tau=0.70 | lr=6.16e-06 | 517.5s
21:12:53 epoch 58/60 | train_loss=0.2555 | val F1@0.5=0.6371 | val bestF1=0.6464 @tau=0.65 | lr=2.74e-06 | 509.0s
21:21:25 epoch 59/60 | train_loss=0.2598 | val F1@0.5=0.6238 | val bestF1=0.6510 @tau=0.75 | lr=6.85e-07 | 511.6s
21:29:51 epoch 60/60 | train_loss=0.2539 | val F1@0.5=0.6316 | val bestF1=0.6398 @tau=0.65 | lr=0.00e+00 | 505.5s
21:29:51 
21:29:51 COMPLETE: 60/60 epochs. best epoch=56 val_f1=0.6753 (tau=0.65) -> predictions/hkcd/siamese_pointnet2/best.pt
21:29:51 Next: python src/predict.py --config configs/hkcd.yaml --model siamese_pointnet2
